Archive member included to satisfy reference by file (symbol)

C:/ST/STM32CubeIDE_2.1.1/STM32CubeIDE/plugins/com.st.stm32cube.ide.mcu.externaltools.gnu-tools-for-stm32.14.3.rel1.win32_1.0.100.202602081740/tools/bin/../lib/gcc/arm-none-eabi/14.3.1/../../../../arm-none-eabi/lib/thumb/v7-m/nofp\libc_nano.a(libc_a-exit.o)
                              C:/ST/STM32CubeIDE_2.1.1/STM32CubeIDE/plugins/com.st.stm32cube.ide.mcu.externaltools.gnu-tools-for-stm32.14.3.rel1.win32_1.0.100.202602081740/tools/bin/../lib/gcc/arm-none-eabi/14.3.1/../../../../arm-none-eabi/lib/thumb/v7-m/nofp/crt0.o (exit)
C:/ST/STM32CubeIDE_2.1.1/STM32CubeIDE/plugins/com.st.stm32cube.ide.mcu.externaltools.gnu-tools-for-stm32.14.3.rel1.win32_1.0.100.202602081740/tools/bin/../lib/gcc/arm-none-eabi/14.3.1/../../../../arm-none-eabi/lib/thumb/v7-m/nofp\libc_nano.a(libc_a-findfp.o)
                              C:/ST/STM32CubeIDE_2.1.1/STM32CubeIDE/plugins/com.st.stm32cube.ide.mcu.externaltools.gnu-tools-for-stm32.14.3.rel1.win32_1.0.100.202602081740/tools/bin/../lib/gcc/arm-none-eabi/14.3.1/../../../../arm-none-eabi/lib/thumb/v7-m/nofp\libc_nano.a(libc_a-exit.o) (__stdio_exit_handler)
C:/ST/STM32CubeIDE_2.1.1/STM32CubeIDE/plugins/com.st.stm32cube.ide.mcu.externaltools.gnu-tools-for-stm32.14.3.rel1.win32_1.0.100.202602081740/tools/bin/../lib/gcc/arm-none-eabi/14.3.1/../../../../arm-none-eabi/lib/thumb/v7-m/nofp\libc_nano.a(libc_a-fwalk.o)
                              C:/ST/STM32CubeIDE_2.1.1/STM32CubeIDE/plugins/com.st.stm32cube.ide.mcu.externaltools.gnu-tools-for-stm32.14.3.rel1.win32_1.0.100.202602081740/tools/bin/../lib/gcc/arm-none-eabi/14.3.1/../../../../arm-none-eabi/lib/thumb/v7-m/nofp\libc_nano.a(libc_a-findfp.o) (_fwalk_sglue)
C:/ST/STM32CubeIDE_2.1.1/STM32CubeIDE/plugins/com.st.stm32cube.ide.mcu.externaltools.gnu-tools-for-stm32.14.3.rel1.win32_1.0.100.202602081740/tools/bin/../lib/gcc/arm-none-eabi/14.3.1/../../../../arm-none-eabi/lib/thumb/v7-m/nofp\libc_nano.a(libc_a-stdio.o)
                              C:/ST/STM32CubeIDE_2.1.1/STM32CubeIDE/plugins/com.st.stm32cube.ide.mcu.externaltools.gnu-tools-for-stm32.14.3.rel1.win32_1.0.100.202602081740/tools/bin/../lib/gcc/arm-none-eabi/14.3.1/../../../../arm-none-eabi/lib/thumb/v7-m/nofp\libc_nano.a(libc_a-findfp.o) (__sread)
C:/ST/STM32CubeIDE_2.1.1/STM32CubeIDE/plugins/com.st.stm32cube.ide.mcu.externaltools.gnu-tools-for-stm32.14.3.rel1.win32_1.0.100.202602081740/tools/bin/../lib/gcc/arm-none-eabi/14.3.1/../../../../arm-none-eabi/lib/thumb/v7-m/nofp\libc_nano.a(libc_a-memset.o)
                              C:/ST/STM32CubeIDE_2.1.1/STM32CubeIDE/plugins/com.st.stm32cube.ide.mcu.externaltools.gnu-tools-for-stm32.14.3.rel1.win32_1.0.100.202602081740/tools/bin/../lib/gcc/arm-none-eabi/14.3.1/../../../../arm-none-eabi/lib/thumb/v7-m/nofp/crt0.o (memset)
C:/ST/STM32CubeIDE_2.1.1/STM32CubeIDE/plugins/com.st.stm32cube.ide.mcu.externaltools.gnu-tools-for-stm32.14.3.rel1.win32_1.0.100.202602081740/tools/bin/../lib/gcc/arm-none-eabi/14.3.1/../../../../arm-none-eabi/lib/thumb/v7-m/nofp\libc_nano.a(libc_a-closer.o)
                              C:/ST/STM32CubeIDE_2.1.1/STM32CubeIDE/plugins/com.st.stm32cube.ide.mcu.externaltools.gnu-tools-for-stm32.14.3.rel1.win32_1.0.100.202602081740/tools/bin/../lib/gcc/arm-none-eabi/14.3.1/../../../../arm-none-eabi/lib/thumb/v7-m/nofp\libc_nano.a(libc_a-stdio.o) (_close_r)
C:/ST/STM32CubeIDE_2.1.1/STM32CubeIDE/plugins/com.st.stm32cube.ide.mcu.externaltools.gnu-tools-for-stm32.14.3.rel1.win32_1.0.100.202602081740/tools/bin/../lib/gcc/arm-none-eabi/14.3.1/../../../../arm-none-eabi/lib/thumb/v7-m/nofp\libc_nano.a(libc_a-reent.o)
                              C:/ST/STM32CubeIDE_2.1.1/STM32CubeIDE/plugins/com.st.stm32cube.ide.mcu.externaltools.gnu-tools-for-stm32.14.3.rel1.win32_1.0.100.202602081740/tools/bin/../lib/gcc/arm-none-eabi/14.3.1/../../../../arm-none-eabi/lib/thumb/v7-m/nofp\libc_nano.a(libc_a-closer.o) (errno)
C:/ST/STM32CubeIDE_2.1.1/STM32CubeIDE/plugins/com.st.stm32cube.ide.mcu.externaltools.gnu-tools-for-stm32.14.3.rel1.win32_1.0.100.202602081740/tools/bin/../lib/gcc/arm-none-eabi/14.3.1/../../../../arm-none-eabi/lib/thumb/v7-m/nofp\libc_nano.a(libc_a-impure.o)
                              C:/ST/STM32CubeIDE_2.1.1/STM32CubeIDE/plugins/com.st.stm32cube.ide.mcu.externaltools.gnu-tools-for-stm32.14.3.rel1.win32_1.0.100.202602081740/tools/bin/../lib/gcc/arm-none-eabi/14.3.1/../../../../arm-none-eabi/lib/thumb/v7-m/nofp\libc_nano.a(libc_a-reent.o) (_impure_ptr)
C:/ST/STM32CubeIDE_2.1.1/STM32CubeIDE/plugins/com.st.stm32cube.ide.mcu.externaltools.gnu-tools-for-stm32.14.3.rel1.win32_1.0.100.202602081740/tools/bin/../lib/gcc/arm-none-eabi/14.3.1/../../../../arm-none-eabi/lib/thumb/v7-m/nofp\libc_nano.a(libc_a-lseekr.o)
[...]
Memory Configuration

Name             Origin             Length             Attributes
RAM              0x20000000         0x00005000         xrw
FLASH            0x08000000         0x00010000         xr
*default*        0x00000000         0xffffffff

Linker script and memory map

LOAD C:/ST/STM32CubeIDE_2.1.1/STM32CubeIDE/plugins/com.st.stm32cube.ide.mcu.externaltools.gnu-tools-for-stm32.14.3.rel1.win32_1.0.100.202602081740/tools/bin/../lib/gcc/arm-none-eabi/14.3.1/thumb/v7-m/nofp/crti.o
LOAD C:/ST/STM32CubeIDE_2.1.1/STM32CubeIDE/plugins/com.st.stm32cube.ide.mcu.externaltools.gnu-tools-for-stm32.14.3.rel1.win32_1.0.100.202602081740/tools/bin/../lib/gcc/arm-none-eabi/14.3.1/thumb/v7-m/nofp/crtbegin.o
LOAD C:/ST/STM32CubeIDE_2.1.1/STM32CubeIDE/plugins/com.st.stm32cube.ide.mcu.externaltools.gnu-tools-for-stm32.14.3.rel1.win32_1.0.100.202602081740/tools/bin/../lib/gcc/arm-none-eabi/14.3.1/../../../../arm-none-eabi/lib/thumb/v7-m/nofp/crt0.o
LOAD ./Src/adc.o
LOAD ./Src/cnv.o
LOAD ./Src/com.o
LOAD ./Src/config.o
LOAD ./Src/foc.o
LOAD ./Src/hall.o
LOAD ./Src/main.o
LOAD ./Src/pwm.o
LOAD ./Src/syscalls.o
LOAD ./Src/sysmem.o
LOAD ./Src/task.o
LOAD ./Startup/startup_stm32f103c8tx.o
START GROUP
LOAD C:/ST/STM32CubeIDE_2.1.1/STM32CubeIDE/plugins/com.st.stm32cube.ide.mcu.externaltools.gnu-tools-for-stm32.14.3.rel1.win32_1.0.100.202602081740/tools/bin/../lib/gcc/arm-none-eabi/14.3.1/../../../../arm-none-eabi/lib/thumb/v7-m/nofp\libc_nano.a
LOAD C:/ST/STM32CubeIDE_2.1.1/STM32CubeIDE/plugins/com.st.stm32cube.ide.mcu.externaltools.gnu-tools-for-stm32.14.3.rel1.win32_1.0.100.202602081740/tools/bin/../lib/gcc/arm-none-eabi/14.3.1/../../../../arm-none-eabi/lib/thumb/v7-m/nofp\libm.a
END GROUP
START GROUP
LOAD C:/ST/STM32CubeIDE_2.1.1/STM32CubeIDE/plugins/com.st.stm32cube.ide.mcu.externaltools.gnu-tools-for-stm32.14.3.rel1.win32_1.0.100.202602081740/tools/bin/../lib/gcc/arm-none-eabi/14.3.1/thumb/v7-m/nofp\libgcc.a
LOAD C:/ST/STM32CubeIDE_2.1.1/STM32CubeIDE/plugins/com.st.stm32cube.ide.mcu.externaltools.gnu-tools-for-stm32.14.3.rel1.win32_1.0.100.202602081740/tools/bin/../lib/gcc/arm-none-eabi/14.3.1/../../../../arm-none-eabi/lib/thumb/v7-m/nofp\libc_nano.a
END GROUP
START GROUP
LOAD C:/ST/STM32CubeIDE_2.1.1/STM32CubeIDE/plugins/com.st.stm32cube.ide.mcu.externaltools.gnu-tools-for-stm32.14.3.rel1.win32_1.0.100.202602081740/tools/bin/../lib/gcc/arm-none-eabi/14.3.1/thumb/v7-m/nofp\libgcc.a
LOAD C:/ST/STM32CubeIDE_2.1.1/STM32CubeIDE/plugins/com.st.stm32cube.ide.mcu.externaltools.gnu-tools-for-stm32.14.3.rel1.win32_1.0.100.202602081740/tools/bin/../lib/gcc/arm-none-eabi/14.3.1/../../../../arm-none-eabi/lib/thumb/v7-m/nofp\libc_nano.a
LOAD C:/ST/STM32CubeIDE_2.1.1/STM32CubeIDE/plugins/com.st.stm32cube.ide.mcu.externaltools.gnu-tools-for-stm32.14.3.rel1.win32_1.0.100.202602081740/tools/bin/../lib/gcc/arm-none-eabi/14.3.1/../../../../arm-none-eabi/lib/thumb/v7-m/nofp\libnosys.a
END GROUP
START GROUP
LOAD C:/ST/STM32CubeIDE_2.1.1/STM32CubeIDE/plugins/com.st.stm32cube.ide.mcu.externaltools.gnu-tools-for-stm32.14.3.rel1.win32_1.0.100.202602081740/tools/bin/../lib/gcc/arm-none-eabi/14.3.1/thumb/v7-m/nofp\libgcc.a
LOAD C:/ST/STM32CubeIDE_2.1.1/STM32CubeIDE/plugins/com.st.stm32cube.ide.mcu.externaltools.gnu-tools-for-stm32.14.3.rel1.win32_1.0.100.202602081740/tools/bin/../lib/gcc/arm-none-eabi/14.3.1/../../../../arm-none-eabi/lib/thumb/v7-m/nofp\libc_nano.a
LOAD C:/ST/STM32CubeIDE_2.1.1/STM32CubeIDE/plugins/com.st.stm32cube.ide.mcu.externaltools.gnu-tools-for-stm32.14.3.rel1.win32_1.0.100.202602081740/tools/bin/../lib/gcc/arm-none-eabi/14.3.1/../../../../arm-none-eabi/lib/thumb/v7-m/nofp\libnosys.a
END GROUP
LOAD C:/ST/STM32CubeIDE_2.1.1/STM32CubeIDE/plugins/com.st.stm32cube.ide.mcu.externaltools.gnu-tools-for-stm32.14.3.rel1.win32_1.0.100.202602081740/tools/bin/../lib/gcc/arm-none-eabi/14.3.1/thumb/v7-m/nofp/crtend.o
LOAD C:/ST/STM32CubeIDE_2.1.1/STM32CubeIDE/plugins/com.st.stm32cube.ide.mcu.externaltools.gnu-tools-for-stm32.14.3.rel1.win32_1.0.100.202602081740/tools/bin/../lib/gcc/arm-none-eabi/14.3.1/thumb/v7-m/nofp/crtn.o
                0x20005000                        _estack = (ORIGIN (RAM) + LENGTH (RAM))
                0x00000200                        _Min_Heap_Size = 0x200
                0x00000400                        _Min_Stack_Size = 0x400

.isr_vector     0x08000000      0x130
                0x08000000                        . = ALIGN (0x4)
 *(.isr_vector)
 .isr_vector    0x08000000      0x130 ./Startup/startup_stm32f103c8tx.o
                0x08000000                g_pfnVectors
                0x08000130                        . = ALIGN (0x4)

.text           0x08000130     0x1b4c
                0x08000130                        . = ALIGN (0x4)
 *(.text)
 .text          0x08000130       0x40 C:/ST/STM32CubeIDE_2.1.1/STM32CubeIDE/plugins/com.st.stm32cube.ide.mcu.externaltools.gnu-tools-for-stm32.14.3.rel1.win32_1.0.100.202602081740/tools/bin/../lib/gcc/arm-none-eabi/14.3.1/thumb/v7-m/nofp/crtbegin.o
 .text          0x08000170       0xa0 C:/ST/STM32CubeIDE_2.1.1/STM32CubeIDE/plugins/com.st.stm32cube.ide.mcu.externaltools.gnu-tools-for-stm32.14.3.rel1.win32_1.0.100.202602081740/tools/bin/../lib/gcc/arm-none-eabi/14.3.1/thumb/v7-m/nofp\libgcc.a(_aeabi_ldivmod.o)
                0x08000170                __aeabi_ldivmod
 .text          0x08000210      0x2f4 C:/ST/STM32CubeIDE_2.1.1/STM32CubeIDE/plugins/com.st.stm32cube.ide.mcu.externaltools.gnu-tools-for-stm32.14.3.rel1.win32_1.0.100.202602081740/tools/bin/../lib/gcc/arm-none-eabi/14.3.1/thumb/v7-m/nofp\libgcc.a(_udivmoddi4.o)
                0x08000210                __udivmoddi4
 .text          0x08000504        0x4 C:/ST/STM32CubeIDE_2.1.1/STM32CubeIDE/plugins/com.st.stm32cube.ide.mcu.externaltools.gnu-tools-for-stm32.14.3.rel1.win32_1.0.100.202602081740/tools/bin/../lib/gcc/arm-none-eabi/14.3.1/thumb/v7-m/nofp\libgcc.a(_dvmd_tls.o)
                0x08000504                __aeabi_idiv0
                0x08000504                __aeabi_ldiv0
 *(.text*)
 .text.adc_base_from_group
                0x08000508       0x28 ./Src/adc.o
 .text.adc_set_channel_sample_time
                0x08000530       0x9c ./Src/adc.o
 .text.adc_config_gpio_analog_from_channel
                0x080005cc       0x90 ./Src/adc.o
 .text.adc_calibrate
                0x0800065c       0x88 ./Src/adc.o
 .text.adc_config_sequence
                0x080006e4       0x88 ./Src/adc.o
 .text.adc_copy_latest_frame
                0x0800076c       0x40 ./Src/adc.o
 .text.adc_read_single_channel
                0x080007ac       0xac ./Src/adc.o
 .text.ADC_Init
                0x08000858      0x158 ./Src/adc.o
                0x08000858                ADC_Init
 .text.ADC_TriggerFromPwmCycle
                0x080009b0       0xb8 ./Src/adc.o
                0x080009b0                ADC_TriggerFromPwmCycle
 .text.ADC_ReadAll12bit
                0x08000a68       0x74 ./Src/adc.o
                0x08000a68                ADC_ReadAll12bit
 .text.ADC1_2_IRQHandler
                0x08000adc       0xac ./Src/adc.o
                0x08000adc                ADC1_2_IRQHandler
 .text.cnv_adc_raw_to_mv
                0x08000b88       0x34 ./Src/cnv.o
 .text.cnv_update_adc_values
                0x08000bbc       0x44 ./Src/cnv.o
 .text.cnv_voltage_to_current_ca
                0x08000c00       0x60 ./Src/cnv.o
 .text.CNV_Init
                0x08000c60       0x7c ./Src/cnv.o
                0x08000c60                CNV_Init
 .text.eng_cnv_curr_offset
                0x08000cdc       0xe0 ./Src/cnv.o
                0x08000cdc                eng_cnv_curr_offset
 .text.CNV_On100us
                0x08000dbc       0x14 ./Src/cnv.o
                0x08000dbc                CNV_On100us
 .text.eng_cnv_curr
                0x08000dd0       0x8c ./Src/cnv.o
                0x08000dd0                eng_cnv_curr
 .text.Config_Get
                0x08000e5c       0x14 ./Src/config.o
                0x08000e5c                Config_Get
 .text.hall_norm_angle
                0x08000e70       0x22 ./Src/hall.o
 *fill*         0x08000e92        0x2 
 .text.hall_angle_to_sector
                0x08000e94       0x30 ./Src/hall.o
 .text.hall_sector_to_angle
                0x08000ec4       0x38 ./Src/hall.o
 .text.hall_est_is_timeout
                0x08000efc       0x3c ./Src/hall.o
 .text.hall_est_force_reset
                0x08000f38       0x80 ./Src/hall.o
 .text.hall_est_reset_history
                0x08000fb8       0x64 ./Src/hall.o
 .text.hall_est_add_sector_sample
                0x0800101c      0x108 ./Src/hall.o
 .text.hall_timebase_init
                0x08001124       0x38 ./Src/hall.o
 .text.hall_read_pin
                0x0800115c       0x2c ./Src/hall.o
 .text.hall_refresh_all_levels
                0x08001188       0xac ./Src/hall.o
 .text.hall_est_reset_on_interrupt
                0x08001234      0x188 ./Src/hall.o
 .text.hall_handle_exti_line
                0x080013bc       0xa0 ./Src/hall.o
 .text.Hall_Init
                0x0800145c      0x134 ./Src/hall.o
                0x0800145c                Hall_Init
 .text.Hall_GetPattern
                0x08001590       0x3c ./Src/hall.o
                0x08001590                Hall_GetPattern
 .text.Hall_GetElectricalRpm
                0x080015cc       0x7c ./Src/hall.o
                0x080015cc                Hall_GetElectricalRpm
 .text.Hall_GetMechanicalRpm
                0x08001648       0x4c ./Src/hall.o
                0x08001648                Hall_GetMechanicalRpm
 .text.Hall_OnEdge
                0x08001694       0x1a ./Src/hall.o
                0x08001694                Hall_OnEdge
 .text.EXTI1_IRQHandler
                0x080016ae       0x10 ./Src/hall.o
                0x080016ae                EXTI1_IRQHandler
 .text.EXTI2_IRQHandler
                0x080016be       0x10 ./Src/hall.o
                0x080016be                EXTI2_IRQHandler
 .text.EXTI3_IRQHandler
                0x080016ce       0x10 ./Src/hall.o
                0x080016ce                EXTI3_IRQHandler
 *fill*         0x080016de        0x2 
 .text.main     0x080016e0       0xd0 ./Src/main.o
                0x080016e0                main
 .text.pwm_encode_deadtime_us
                0x080017b0       0x74 ./Src/pwm.o
 .text.pwm_limit_duty
                0x08001824       0x24 ./Src/pwm.o
 .text.pwm_duty_to_ccr
                0x08001848       0x4c ./Src/pwm.o
 .text.PWM_SetDutyUVW
                0x08001894       0x58 ./Src/pwm.o
                0x08001894                PWM_SetDutyUVW
 .text.PWM_On100us
                0x080018ec       0x5c ./Src/pwm.o
                0x080018ec                PWM_On100us
 .text.PWM_Init
                0x08001948      0x13c ./Src/pwm.o
                0x08001948                PWM_Init
 .text.Task_Init
                0x08001a84       0xa0 ./Src/task.o
                0x08001a84                Task_Init
 .text.Task_On100us
                0x08001b24       0x38 ./Src/task.o
                0x08001b24                Task_On100us
 .text.Task_On1ms
                0x08001b5c       0x34 ./Src/task.o
                0x08001b5c                Task_On1ms
 .text.TIM2_IRQHandler
                0x08001b90       0x38 ./Src/task.o
                0x08001b90                TIM2_IRQHandler
 .text.Reset_Handler
                0x08001bc8       0x50 ./Startup/startup_stm32f103c8tx.o
                0x08001bc8                Reset_Handler
 .text.Default_Handler
                0x08001c18        0x2 ./Startup/startup_stm32f103c8tx.o
                0x08001c18                TIM8_TRG_COM_IRQHandler
                0x08001c18                TIM8_CC_IRQHandler
                0x08001c18                DebugMon_Handler
                0x08001c18                TIM1_CC_IRQHandler
                0x08001c18                HardFault_Handler
                0x08001c18                TIM6_IRQHandler
                0x08001c18                SysTick_Handler
                0x08001c18                PVD_IRQHandler
                0x08001c18                SDIO_IRQHandler
                0x08001c18                PendSV_Handler
                0x08001c18                NMI_Handler
                0x08001c18                USB_HP_CAN_TX_IRQHandler
                0x08001c18                EXTI0_IRQHandler
                0x08001c18                I2C2_EV_IRQHandler
                0x08001c18                UsageFault_Handler
                0x08001c18                SPI1_IRQHandler
                0x08001c18                CAN_SCE_IRQHandler
                0x08001c18                TAMPER_IRQHandler
                0x08001c18                TIM8_UP_IRQHandler
                0x08001c18                DMA2_Channel2_IRQHandler
                0x08001c18                DMA1_Channel4_IRQHandler
                0x08001c18                USART3_IRQHandler
                0x08001c18                RTC_IRQHandler
                0x08001c18                DMA1_Channel7_IRQHandler
                0x08001c18                UART5_IRQHandler
                0x08001c18                ADC3_IRQHandler
                0x08001c18                TIM4_IRQHandler
                0x08001c18                CAN_RX1_IRQHandler
                0x08001c18                DMA2_Channel1_IRQHandler
                0x08001c18                I2C1_EV_IRQHandler
                0x08001c18                DMA1_Channel6_IRQHandler
                0x08001c18                UART4_IRQHandler
                0x08001c18                TIM3_IRQHandler
                0x08001c18                RCC_IRQHandler
                0x08001c18                TIM1_TRG_COM_IRQHandler
                0x08001c18                DMA1_Channel1_IRQHandler
                0x08001c18                Default_Handler
                0x08001c18                EXTI15_10_IRQHandler
                0x08001c18                TIM7_IRQHandler
                0x08001c18                TIM5_IRQHandler
                0x08001c18                EXTI9_5_IRQHandler
                0x08001c18                SPI2_IRQHandler
                0x08001c18                USB_LP_CAN_RX0_IRQHandler
                0x08001c18                MemManage_Handler
                0x08001c18                SVC_Handler
                0x08001c18                DMA1_Channel5_IRQHandler
                0x08001c18                EXTI4_IRQHandler
                0x08001c18                DMA1_Channel3_IRQHandler
                0x08001c18                FSMC_IRQHandler
                0x08001c18                TIM1_UP_IRQHandler
                0x08001c18                WWDG_IRQHandler
                0x08001c18                TIM1_BRK_IRQHandler
                0x08001c18                RTCAlarm_IRQHandler
                0x08001c18                DMA2_Channel4_5_IRQHandler
                0x08001c18                USART2_IRQHandler
                0x08001c18                I2C2_ER_IRQHandler
                0x08001c18                DMA1_Channel2_IRQHandler
                0x08001c18                TIM8_BRK_IRQHandler
                0x08001c18                FLASH_IRQHandler
                0x08001c18                BusFault_Handler
                0x08001c18                USART1_IRQHandler
                0x08001c18                SPI3_IRQHandler
                0x08001c18                I2C1_ER_IRQHandler
                0x08001c18                DMA2_Channel3_IRQHandler
 *fill*         0x08001c1a        0x2 
 .text.__libc_init_array
                0x08001c1c       0x48 C:/ST/STM32CubeIDE_2.1.1/STM32CubeIDE/plugins/com.st.stm32cube.ide.mcu.externaltools.gnu-tools-for-stm32.14.3.rel1.win32_1.0.100.202602081740/tools/bin/../lib/gcc/arm-none-eabi/14.3.1/../../../../arm-none-eabi/lib/thumb/v7-m/nofp\libc_nano.a(libc_a-init.o)
                0x08001c1c                __libc_init_array
 *(.glue_7)
 .glue_7        0x08001c64        0x0 linker stubs
 *(.glue_7t)
 .glue_7t       0x08001c64        0x0 linker stubs
 *(.eh_frame)
 .eh_frame      0x08001c64        0x0 C:/ST/STM32CubeIDE_2.1.1/STM32CubeIDE/plugins/com.st.stm32cube.ide.mcu.externaltools.gnu-tools-for-stm32.14.3.rel1.win32_1.0.100.202602081740/tools/bin/../lib/gcc/arm-none-eabi/14.3.1/thumb/v7-m/nofp/crtbegin.o
 *(.init)
 .init          0x08001c64        0x4 C:/ST/STM32CubeIDE_2.1.1/STM32CubeIDE/plugins/com.st.stm32cube.ide.mcu.externaltools.gnu-tools-for-stm32.14.3.rel1.win32_1.0.100.202602081740/tools/bin/../lib/gcc/arm-none-eabi/14.3.1/thumb/v7-m/nofp/crti.o
                0x08001c64                _init
 .init          0x08001c68        0x8 C:/ST/STM32CubeIDE_2.1.1/STM32CubeIDE/plugins/com.st.stm32cube.ide.mcu.externaltools.gnu-tools-for-stm32.14.3.rel1.win32_1.0.100.202602081740/tools/bin/../lib/gcc/arm-none-eabi/14.3.1/thumb/v7-m/nofp/crtn.o
 *(.fini)
 .fini          0x08001c70        0x4 C:/ST/STM32CubeIDE_2.1.1/STM32CubeIDE/plugins/com.st.stm32cube.ide.mcu.externaltools.gnu-tools-for-stm32.14.3.rel1.win32_1.0.100.202602081740/tools/bin/../lib/gcc/arm-none-eabi/14.3.1/thumb/v7-m/nofp/crti.o
                0x08001c70                _fini
 .fini          0x08001c74        0x8 C:/ST/STM32CubeIDE_2.1.1/STM32CubeIDE/plugins/com.st.stm32cube.ide.mcu.externaltools.gnu-tools-for-stm32.14.3.rel1.win32_1.0.100.202602081740/tools/bin/../lib/gcc/arm-none-eabi/14.3.1/thumb/v7-m/nofp/crtn.o
                0x08001c7c                        . = ALIGN (0x4)
                0x08001c7c                        _etext = .

.vfp11_veneer   0x08001c7c        0x0
 .vfp11_veneer  0x08001c7c        0x0 linker stubs

.v4_bx          0x08001c7c        0x0
 .v4_bx         0x08001c7c        0x0 linker stubs

.iplt           0x08001c7c        0x0
 .iplt          0x08001c7c        0x0 C:/ST/STM32CubeIDE_2.1.1/STM32CubeIDE/plugins/com.st.stm32cube.ide.mcu.externaltools.gnu-tools-for-stm32.14.3.rel1.win32_1.0.100.202602081740/tools/bin/../lib/gcc/arm-none-eabi/14.3.1/thumb/v7-m/nofp/crtbegin.o

.rodata         0x08001c7c       0x30
                0x08001c7c                        . = ALIGN (0x4)
 *(.rodata)
 *(.rodata*)
 .rodata.g_inverter_config
                0x08001c7c       0x1c ./Src/config.o
 .rodata.g_hall_state_angle_deg
                0x08001c98       0x10 ./Src/hall.o
                0x08001c98                g_hall_state_angle_deg
 .rodata.hall_pin_map
                0x08001ca8        0x3 ./Src/hall.o
                0x08001cac                        . = ALIGN (0x4)
 *fill*         0x08001cab        0x1 

.ARM.extab      0x08001cac        0x0
                0x08001cac                        . = ALIGN (0x4)
 *(.ARM.extab* .gnu.linkonce.armextab.*)
                0x08001cac                        . = ALIGN (0x4)

.ARM            0x08001cac        0x8
                0x08001cac                        . = ALIGN (0x4)
                0x08001cac                        __exidx_start = .
 *(.ARM.exidx*)
 .ARM.exidx     0x08001cac        0x8 C:/ST/STM32CubeIDE_2.1.1/STM32CubeIDE/plugins/com.st.stm32cube.ide.mcu.externaltools.gnu-tools-for-stm32.14.3.rel1.win32_1.0.100.202602081740/tools/bin/../lib/gcc/arm-none-eabi/14.3.1/thumb/v7-m/nofp\libgcc.a(_udivmoddi4.o)
                0x08001cb4                        __exidx_end = .
                0x08001cb4                        . = ALIGN (0x4)

.preinit_array  0x08001cb4        0x0
                0x08001cb4                        . = ALIGN (0x4)
                0x08001cb4                        PROVIDE (__preinit_array_start = .)
 *(.preinit_array*)
                0x08001cb4                        PROVIDE (__preinit_array_end = .)
                0x08001cb4                        . = ALIGN (0x4)

.init_array     0x08001cb4        0x4
                0x08001cb4                        . = ALIGN (0x4)
                0x08001cb4                        PROVIDE (__init_array_start = .)
 *(SORT_BY_NAME(.init_array.*))
 *(.init_array*)
 .init_array    0x08001cb4        0x4 C:/ST/STM32CubeIDE_2.1.1/STM32CubeIDE/plugins/com.st.stm32cube.ide.mcu.externaltools.gnu-tools-for-stm32.14.3.rel1.win32_1.0.100.202602081740/tools/bin/../lib/gcc/arm-none-eabi/14.3.1/thumb/v7-m/nofp/crtbegin.o
                0x08001cb8                        PROVIDE (__init_array_end = .)
                0x08001cb8                        . = ALIGN (0x4)

.fini_array     0x08001cb8        0x4
                0x08001cb8                        . = ALIGN (0x4)
                [!provide]                        PROVIDE (__fini_array_start = .)
 *(SORT_BY_NAME(.fini_array.*))
 *(.fini_array*)
 .fini_array    0x08001cb8        0x4 C:/ST/STM32CubeIDE_2.1.1/STM32CubeIDE/plugins/com.st.stm32cube.ide.mcu.externaltools.gnu-tools-for-stm32.14.3.rel1.win32_1.0.100.202602081740/tools/bin/../lib/gcc/arm-none-eabi/14.3.1/thumb/v7-m/nofp/crtbegin.o
                [!provide]                        PROVIDE (__fini_array_end = .)
                0x08001cbc                        . = ALIGN (0x4)
                0x08001cbc                        _sidata = LOADADDR (.data)

.rel.dyn        0x08001cbc        0x0
 .rel.iplt      0x08001cbc        0x0 C:/ST/STM32CubeIDE_2.1.1/STM32CubeIDE/plugins/com.st.stm32cube.ide.mcu.externaltools.gnu-tools-for-stm32.14.3.rel1.win32_1.0.100.202602081740/tools/bin/../lib/gcc/arm-none-eabi/14.3.1/thumb/v7-m/nofp/crtbegin.o

.data           0x20000000        0x0 load address 0x08001cbc
                0x20000000                        . = ALIGN (0x4)
                0x20000000                        _sdata = .
 *(.data)
 *(.data*)
 *(.RamFunc)
 *(.RamFunc*)
                0x20000000                        . = ALIGN (0x4)
                0x20000000                        _edata = .

.igot.plt       0x20000000        0x0 load address 0x08001cbc
 .igot.plt      0x20000000        0x0 C:/ST/STM32CubeIDE_2.1.1/STM32CubeIDE/plugins/com.st.stm32cube.ide.mcu.externaltools.gnu-tools-for-stm32.14.3.rel1.win32_1.0.100.202602081740/tools/bin/../lib/gcc/arm-none-eabi/14.3.1/thumb/v7-m/nofp/crtbegin.o
                0x20000000                        . = ALIGN (0x4)

.bss            0x20000000       0xdc load address 0x08001cbc
                0x20000000                        _sbss = .
                0x20000000                        __bss_start__ = _sbss
 *(.bss)
 .bss           0x20000000       0x1c C:/ST/STM32CubeIDE_2.1.1/STM32CubeIDE/plugins/com.st.stm32cube.ide.mcu.externaltools.gnu-tools-for-stm32.14.3.rel1.win32_1.0.100.202602081740/tools/bin/../lib/gcc/arm-none-eabi/14.3.1/thumb/v7-m/nofp/crtbegin.o
 *(.bss*)
 .bss.g_adc_raw_work
                0x2000001c        0x8 ./Src/adc.o
 .bss.g_adc_raw_latest
                0x20000024        0x8 ./Src/adc.o
 .bss.g_adc_seq_channel
                0x2000002c        0x4 ./Src/adc.o
 .bss.g_adc_active_group
                0x20000030        0x1 ./Src/adc.o
 .bss.g_adc_busy
                0x20000031        0x1 ./Src/adc.o
 .bss.g_adc_frame_ready
                0x20000032        0x1 ./Src/adc.o
 .bss.g_adc_valid
                0x20000033        0x1 ./Src/adc.o
 .bss.g_adc_sample_index
                0x20000034        0x1 ./Src/adc.o
 *fill*         0x20000035        0x1 
 .bss.g_cnv_phase_v_mv
                0x20000036        0x2 ./Src/cnv.o
 .bss.g_cnv_phase_w_mv
                0x20000038        0x2 ./Src/cnv.o
 .bss.g_cnv_phase_v_offset_mv
                0x2000003a        0x2 ./Src/cnv.o
 .bss.g_cnv_phase_w_offset_mv
                0x2000003c        0x2 ./Src/cnv.o
 *fill*         0x2000003e        0x2 
 .bss.g_cnv_phase_u_current_ca
                0x20000040        0x4 ./Src/cnv.o
 .bss.g_cnv_phase_v_current_ca
                0x20000044        0x4 ./Src/cnv.o
 .bss.g_cnv_phase_w_current_ca
                0x20000048        0x4 ./Src/cnv.o
 .bss.g_cnv_phase_v_offset_sum_mv
                0x2000004c        0x4 ./Src/cnv.o
 .bss.g_cnv_phase_w_offset_sum_mv
                0x20000050        0x4 ./Src/cnv.o
 .bss.g_cnv_offset_sample_count
                0x20000054        0x2 ./Src/cnv.o
 .bss.g_cnv_offset_ready
                0x20000056        0x1 ./Src/cnv.o
 .bss.g_hall1_state
                0x20000057        0x1 ./Src/hall.o
                0x20000057                g_hall1_state
 .bss.g_hall2_state
                0x20000058        0x1 ./Src/hall.o
                0x20000058                g_hall2_state
 .bss.g_hall3_state
                0x20000059        0x1 ./Src/hall.o
                0x20000059                g_hall3_state
 .bss.g_hall_state
                0x2000005a        0x1 ./Src/hall.o
                0x2000005a                g_hall_state
 *fill*         0x2000005b        0x1 
 .bss.g_hall_angle_deg
                0x2000005c        0x2 ./Src/hall.o
                0x2000005c                g_hall_angle_deg
 .bss.hall_est_curr_ang
                0x2000005e        0x2 ./Src/hall.o
                0x2000005e                hall_est_curr_ang
 .bss.hall_est_ang_ref
                0x20000060        0x2 ./Src/hall.o
                0x20000060                hall_est_ang_ref
 .bss.hall_est_ang_next
                0x20000062        0x2 ./Src/hall.o
                0x20000062                hall_est_ang_next
 .bss.hall_level
                0x20000064        0x3 ./Src/hall.o
 *fill*         0x20000067        0x1 
 .bss.hall_edge_count
                0x20000068        0xc ./Src/hall.o
 .bss.hall_last_irq_cycle
                0x20000074        0xc ./Src/hall.o
 .bss.hall_est_last_cycle
                0x20000080        0x4 ./Src/hall.o
 .bss.hall_est_avg_sector_cycles
                0x20000084        0x4 ./Src/hall.o
 .bss.hall_est_sector_hist
                0x20000088       0x18 ./Src/hall.o
 .bss.hall_est_sector_hist_sum
                0x200000a0        0x4 ./Src/hall.o
 .bss.hall_est_sector_hist_count
                0x200000a4        0x1 ./Src/hall.o
 .bss.hall_est_sector_hist_index
                0x200000a5        0x1 ./Src/hall.o
 *fill*         0x200000a6        0x2 
 .bss.hall_est_sector_hist_start_cycle
                0x200000a8        0x4 ./Src/hall.o
 .bss.hall_est_has_prev_sector
                0x200000ac        0x1 ./Src/hall.o
 .bss.hall_est_prev_sector
                0x200000ad        0x1 ./Src/hall.o
 .bss.hall_est_dir
                0x200000ae        0x1 ./Src/hall.o
 *fill*         0x200000af        0x1 
 .bss.g_hall_speed_elec_rpm
                0x200000b0        0x4 ./Src/hall.o
                0x200000b0                g_hall_speed_elec_rpm
 .bss.g_hall_speed_mech_rpm
                0x200000b4        0x4 ./Src/hall.o
                0x200000b4                g_hall_speed_mech_rpm
 .bss.hall_debounce_cycles
                0x200000b8        0x4 ./Src/hall.o
 .bss.cnt       0x200000bc        0x4 ./Src/main.o
                0x200000bc                cnt
 .bss.hall_pattern
                0x200000c0        0x1 ./Src/main.o
                0x200000c0                hall_pattern
 .bss.pa1_poll  0x200000c1        0x1 ./Src/main.o
                0x200000c1                pa1_poll
 .bss.pa2_poll  0x200000c2        0x1 ./Src/main.o
                0x200000c2                pa2_poll
 .bss.pa3_poll  0x200000c3        0x1 ./Src/main.o
                0x200000c3                pa3_poll
 .bss.pa123_poll_pattern
                0x200000c4        0x1 ./Src/main.o
                0x200000c4                pa123_poll_pattern
 *fill*         0x200000c5        0x1 
 .bss.g_pwm_duty_u
                0x200000c6        0x2 ./Src/pwm.o
 .bss.g_pwm_duty_v
                0x200000c8        0x2 ./Src/pwm.o
 .bss.g_pwm_duty_w
                0x200000ca        0x2 ./Src/pwm.o
 .bss.g_task_tick_100us
                0x200000cc        0x4 ./Src/task.o
 .bss.g_task_div_1ms
                0x200000d0        0x1 ./Src/task.o
 *fill*         0x200000d1        0x3 
 .bss.g_task_speed_elec_rpm
                0x200000d4        0x4 ./Src/task.o
                0x200000d4                g_task_speed_elec_rpm
 .bss.g_task_speed_mech_rpm
                0x200000d8        0x4 ./Src/task.o
                0x200000d8                g_task_speed_mech_rpm
 *(COMMON)
                0x200000dc                        . = ALIGN (0x4)
                0x200000dc                        _ebss = .
                0x200000dc                        __bss_end__ = _ebss

._user_heap_stack
                0x200000dc      0x604 load address 0x08001cbc
                0x200000e0                        . = ALIGN (0x8)
 *fill*         0x200000dc        0x4 
                [!provide]                        PROVIDE (end = .)
                0x200000e0                        PROVIDE (_end = .)
                0x200002e0                        . = (. + _Min_Heap_Size)
 *fill*         0x200000e0      0x200 
                0x200006e0                        . = (. + _Min_Stack_Size)
 *fill*         0x200002e0      0x400 
                0x200006e0                        . = ALIGN (0x8)

/DISCARD/
 libc.a(*)
 libm.a(*)
 libgcc.a(*)

.ARM.attributes
                0x00000000       0x29
 *(.ARM.attributes)
 .ARM.attributes
                0x00000000       0x1d C:/ST/STM32CubeIDE_2.1.1/STM32CubeIDE/plugins/com.st.stm32cube.ide.mcu.externaltools.gnu-tools-for-stm32.14.3.rel1.win32_1.0.100.202602081740/tools/bin/../lib/gcc/arm-none-eabi/14.3.1/thumb/v7-m/nofp/crti.o
 .ARM.attributes
                0x0000001d       0x2d C:/ST/STM32CubeIDE_2.1.1/STM32CubeIDE/plugins/com.st.stm32cube.ide.mcu.externaltools.gnu-tools-for-stm32.14.3.rel1.win32_1.0.100.202602081740/tools/bin/../lib/gcc/arm-none-eabi/14.3.1/thumb/v7-m/nofp/crtbegin.o
 .ARM.attributes
                0x0000004a       0x2d ./Src/adc.o
 .ARM.attributes
                0x00000077       0x2d ./Src/cnv.o
 .ARM.attributes
                0x000000a4       0x2d ./Src/config.o
 .ARM.attributes
                0x000000d1       0x2d ./Src/hall.o
 .ARM.attributes
                0x000000fe       0x2d ./Src/main.o
 .ARM.attributes
                0x0000012b       0x2d ./Src/pwm.o
 .ARM.attributes
                0x00000158       0x2d ./Src/task.o
 .ARM.attributes
                0x00000185       0x21 ./Startup/startup_stm32f103c8tx.o
 .ARM.attributes
                0x000001a6       0x2d C:/ST/STM32CubeIDE_2.1.1/STM32CubeIDE/plugins/com.st.stm32cube.ide.mcu.externaltools.gnu-tools-for-stm32.14.3.rel1.win32_1.0.100.202602081740/tools/bin/../lib/gcc/arm-none-eabi/14.3.1/../../../../arm-none-eabi/lib/thumb/v7-m/nofp\libc_nano.a(libc_a-init.o)
 .ARM.attributes
                0x000001d3       0x1d C:/ST/STM32CubeIDE_2.1.1/STM32CubeIDE/plugins/com.st.stm32cube.ide.mcu.externaltools.gnu-tools-for-stm32.14.3.rel1.win32_1.0.100.202602081740/tools/bin/../lib/gcc/arm-none-eabi/14.3.1/thumb/v7-m/nofp\libgcc.a(_aeabi_ldivmod.o)
 .ARM.attributes
                0x000001f0       0x2d C:/ST/STM32CubeIDE_2.1.1/STM32CubeIDE/plugins/com.st.stm32cube.ide.mcu.externaltools.gnu-tools-for-stm32.14.3.rel1.win32_1.0.100.202602081740/tools/bin/../lib/gcc/arm-none-eabi/14.3.1/thumb/v7-m/nofp\libgcc.a(_udivmoddi4.o)
 .ARM.attributes
                0x0000021d       0x1d C:/ST/STM32CubeIDE_2.1.1/STM32CubeIDE/plugins/com.st.stm32cube.ide.mcu.externaltools.gnu-tools-for-stm32.14.3.rel1.win32_1.0.100.202602081740/tools/bin/../lib/gcc/arm-none-eabi/14.3.1/thumb/v7-m/nofp\libgcc.a(_dvmd_tls.o)
 .ARM.attributes
                0x0000023a       0x1d C:/ST/STM32CubeIDE_2.1.1/STM32CubeIDE/plugins/com.st.stm32cube.ide.mcu.externaltools.gnu-tools-for-stm32.14.3.rel1.win32_1.0.100.202602081740/tools/bin/../lib/gcc/arm-none-eabi/14.3.1/thumb/v7-m/nofp/crtn.o
OUTPUT(01_inverter.elf elf32-littlearm)
LOAD linker stubs
LOAD C:/ST/STM32CubeIDE_2.1.1/STM32CubeIDE/plugins/com.st.stm32cube.ide.mcu.externaltools.gnu-tools-for-stm32.14.3.rel1.win32_1.0.100.202602081740/tools/bin/../lib/gcc/arm-none-eabi/14.3.1/../../../../arm-none-eabi/lib/thumb/v7-m/nofp\libc.a
LOAD C:/ST/STM32CubeIDE_2.1.1/STM32CubeIDE/plugins/com.st.stm32cube.ide.mcu.externaltools.gnu-tools-for-stm32.14.3.rel1.win32_1.0.100.202602081740/tools/bin/../lib/gcc/arm-none-eabi/14.3.1/../../../../arm-none-eabi/lib/thumb/v7-m/nofp\libm.a
LOAD C:/ST/STM32CubeIDE_2.1.1/STM32CubeIDE/plugins/com.st.stm32cube.ide.mcu.externaltools.gnu-tools-for-stm32.14.3.rel1.win32_1.0.100.202602081740/tools/bin/../lib/gcc/arm-none-eabi/14.3.1/thumb/v7-m/nofp\libgcc.a

.debug_info     0x00000000     0x1ace
 .debug_info    0x00000000      0x59b ./Src/adc.o
 .debug_info    0x0000059b      0x468 ./Src/cnv.o
 .debug_info    0x00000a03      0x1d4 ./Src/config.o
 .debug_info    0x00000bd7      0x8cb ./Src/hall.o
 .debug_info    0x000014a2      0x17f ./Src/main.o
 .debug_info    0x00001621      0x23f ./Src/pwm.o
 .debug_info    0x00001860      0x23e ./Src/task.o
 .debug_info    0x00001a9e       0x30 ./Startup/startup_stm32f103c8tx.o

.debug_abbrev   0x00000000      0xaea
 .debug_abbrev  0x00000000      0x216 ./Src/adc.o
 .debug_abbrev  0x00000216      0x1dc ./Src/cnv.o
 .debug_abbrev  0x000003f2       0xd7 ./Src/config.o
 .debug_abbrev  0x000004c9      0x2f5 ./Src/hall.o
 .debug_abbrev  0x000007be       0xca ./Src/main.o
 .debug_abbrev  0x00000888       0xfe ./Src/pwm.o
 .debug_abbrev  0x00000986      0x140 ./Src/task.o
 .debug_abbrev  0x00000ac6       0x24 ./Startup/startup_stm32f103c8tx.o

.debug_aranges  0x00000000      0x2a0
 .debug_aranges
                0x00000000       0x78 ./Src/adc.o
 .debug_aranges
                0x00000078       0x58 ./Src/cnv.o
 .debug_aranges
                0x000000d0       0x20 ./Src/config.o
 .debug_aranges
                0x000000f0       0xd0 ./Src/hall.o
 .debug_aranges
                0x000001c0       0x20 ./Src/main.o
 .debug_aranges
                0x000001e0       0x58 ./Src/pwm.o
 .debug_aranges
                0x00000238       0x40 ./Src/task.o
 .debug_aranges
                0x00000278       0x28 ./Startup/startup_stm32f103c8tx.o

.debug_rnglists
                0x00000000      0x1e4
 .debug_rnglists
                0x00000000       0x5d ./Src/adc.o
 .debug_rnglists
                0x0000005d       0x3f ./Src/cnv.o
 .debug_rnglists
                0x0000009c       0x13 ./Src/config.o
 .debug_rnglists
                0x000000af       0x9e ./Src/hall.o
 .debug_rnglists
                0x0000014d       0x14 ./Src/main.o
 .debug_rnglists
                0x00000161       0x3e ./Src/pwm.o
 .debug_rnglists
                0x0000019f       0x2c ./Src/task.o
 .debug_rnglists
                0x000001cb       0x19 ./Startup/startup_stm32f103c8tx.o

.debug_macro    0x00000000     0x1746
 .debug_macro   0x00000000      0x1d7 ./Src/adc.o
 .debug_macro   0x000001d7      0xad2 ./Src/adc.o
 .debug_macro   0x00000ca9       0x22 ./Src/adc.o
 .debug_macro   0x00000ccb       0x8e ./Src/adc.o
 .debug_macro   0x00000d59       0x51 ./Src/adc.o
 .debug_macro   0x00000daa      0x103 ./Src/adc.o
 .debug_macro   0x00000ead       0x6a ./Src/adc.o
 .debug_macro   0x00000f17      0x1df ./Src/adc.o
 .debug_macro   0x000010f6       0x9d ./Src/cnv.o
 .debug_macro   0x00001193       0x77 ./Src/config.o
 .debug_macro   0x0000120a      0x13a ./Src/hall.o
 .debug_macro   0x00001344       0x22 ./Src/hall.o
 .debug_macro   0x00001366       0xc3 ./Src/main.o
 .debug_macro   0x00001429       0x2e ./Src/main.o
 .debug_macro   0x00001457       0x16 ./Src/main.o
 .debug_macro   0x0000146d       0x10 ./Src/main.o
 .debug_macro   0x0000147d      0x174 ./Src/pwm.o
 .debug_macro   0x000015f1       0x28 ./Src/pwm.o
 .debug_macro   0x00001619      0x11d ./Src/task.o
 .debug_macro   0x00001736       0x10 ./Src/task.o

.debug_line     0x00000000     0x2cc1
 .debug_line    0x00000000      0x874 ./Src/adc.o
 .debug_line    0x00000874      0x5ac ./Src/cnv.o
 .debug_line    0x00000e20      0x41f ./Src/config.o
 .debug_line    0x0000123f      0xa2d ./Src/hall.o
 .debug_line    0x00001c6c      0x4ae ./Src/main.o
 .debug_line    0x0000211a      0x601 ./Src/pwm.o
 .debug_line    0x0000271b      0x52b ./Src/task.o
 .debug_line    0x00002c46       0x7b ./Startup/startup_stm32f103c8tx.o

.debug_str      0x00000000     0x5854
 .debug_str     0x00000000     0x5854 ./Src/adc.o
                               0x472a (size before relaxing)
 .debug_str     0x00005854     0x4195 ./Src/cnv.o
 .debug_str     0x00005854     0x3ecc ./Src/config.o
 .debug_str     0x00005854     0x47f9 ./Src/hall.o
 .debug_str     0x00005854     0x4068 ./Src/main.o
 .debug_str     0x00005854     0x4449 ./Src/pwm.o
 .debug_str     0x00005854     0x42ec ./Src/task.o
 .debug_str     0x00005854       0x7e ./Startup/startup_stm32f103c8tx.o

.comment        0x00000000       0x43
 .comment       0x00000000       0x43 ./Src/adc.o
                                 0x44 (size before relaxing)
 .comment       0x00000043       0x44 ./Src/cnv.o
 .comment       0x00000043       0x44 ./Src/config.o
 .comment       0x00000043       0x44 ./Src/hall.o
 .comment       0x00000043       0x44 ./Src/main.o
 .comment       0x00000043       0x44 ./Src/pwm.o
 .comment       0x00000043       0x44 ./Src/task.o

.debug_frame    0x00000000      0x8bc
 .debug_frame   0x00000000      0x1c0 ./Src/adc.o
 .debug_frame   0x000001c0      0x128 ./Src/cnv.o
 .debug_frame   0x000002e8       0x2c ./Src/config.o
 .debug_frame   0x00000314      0x31c ./Src/hall.o
 .debug_frame   0x00000630       0x2c ./Src/main.o
 .debug_frame   0x0000065c      0x118 ./Src/pwm.o
 .debug_frame   0x00000774       0xa4 ./Src/task.o
 .debug_frame   0x00000818       0x2c C:/ST/STM32CubeIDE_2.1.1/STM32CubeIDE/plugins/com.st.stm32cube.ide.mcu.externaltools.gnu-tools-for-stm32.14.3.rel1.win32_1.0.100.202602081740/tools/bin/../lib/gcc/arm-none-eabi/14.3.1/../../../../arm-none-eabi/lib/thumb/v7-m/nofp\libc_nano.a(libc_a-init.o)
 .debug_frame   0x00000844       0x44 C:/ST/STM32CubeIDE_2.1.1/STM32CubeIDE/plugins/com.st.stm32cube.ide.mcu.externaltools.gnu-tools-for-stm32.14.3.rel1.win32_1.0.100.202602081740/tools/bin/../lib/gcc/arm-none-eabi/14.3.1/thumb/v7-m/nofp\libgcc.a(_aeabi_ldivmod.o)
 .debug_frame   0x00000888       0x34 C:/ST/STM32CubeIDE_2.1.1/STM32CubeIDE/plugins/com.st.stm32cube.ide.mcu.externaltools.gnu-tools-for-stm32.14.3.rel1.win32_1.0.100.202602081740/tools/bin/../lib/gcc/arm-none-eabi/14.3.1/thumb/v7-m/nofp\libgcc.a(_udivmoddi4.o)

.debug_line_str
                0x00000000       0x62
 .debug_line_str
                0x00000000       0x62 ./Startup/startup_stm32f103c8tx.o
