Archive member included to satisfy reference by file (symbol)

C:/ST/STM32CubeIDE_2.1.1/STM32CubeIDE/plugins/com.st.stm32cube.ide.mcu.externaltools.gnu-tools-for-stm32.14.3.rel1.win32_1.0.100.202602081740/tools/bin/../lib/gcc/arm-none-eabi/14.3.1/../../../../arm-none-eabi/lib/thumb/v7-m/nofp\libc_nano.a(libc_a-exit.o)
                              C:/ST/STM32CubeIDE_2.1.1/STM32CubeIDE/plugins/com.st.stm32cube.ide.mcu.externaltools.gnu-tools-for-stm32.14.3.rel1.win32_1.0.100.202602081740/tools/bin/../lib/gcc/arm-none-eabi/14.3.1/../../../../arm-none-eabi/lib/thumb/v7-m/nofp/crt0.o (exit)
C:/ST/STM32CubeIDE_2.1.1/STM32CubeIDE/plugins/com.st.stm32cube.ide.mcu.externaltools.gnu-tools-for-stm32.14.3.rel1.win32_1.0.100.202602081740/tools/bin/../lib/gcc/arm-none-eabi/14.3.1/../../../../arm-none-eabi/lib/thumb/v7-m/nofp\libc_nano.a(libc_a-findfp.o)
                              C:/ST/STM32CubeIDE_2.1.1/STM32CubeIDE/plugins/com.st.stm32cube.ide.mcu.externaltools.gnu-tools-for-stm32.14.3.rel1.win32_1.0.100.202602081740/tools/bin/../lib/gcc/arm-none-eabi/14.3.1/../../../../arm-none-eabi/lib/thumb/v7-m/nofp\libc_nano.a(libc_a-exit.o) (__stdio_exit_handler)
C:/ST/STM32CubeIDE_2.1.1/STM32CubeIDE/plugins/com.st.stm32cube.ide.mcu.externaltools.gnu-tools-for-stm32.14.3.rel1.win32_1.0.100.202602081740/tools/bin/../lib/gcc/arm-none-eabi/14.3.1/../../../../arm-none-eabi/lib/thumb/v7-m/nofp\libc_nano.a(libc_a-fwalk.o)
                              C:/ST/STM32CubeIDE_2.1.1/STM32CubeIDE/plugins/com.st.stm32cube.ide.mcu.externaltools.gnu-tools-for-stm32.14.3.rel1.win32_1.0.100.202602081740/tools/bin/../lib/gcc/arm-none-eabi/14.3.1/../../../../arm-none-eabi/lib/thumb/v7-m/nofp\libc_nano.a(libc_a-findfp.o) (_fwalk_sglue)
C:/ST/STM32CubeIDE_2.1.1/STM32CubeIDE/plugins/com.st.stm32cube.ide.mcu.externaltools.gnu-tools-for-stm32.14.3.rel1.win32_1.0.100.202602081740/tools/bin/../lib/gcc/arm-none-eabi/14.3.1/../../../../arm-none-eabi/lib/thumb/v7-m/nofp\libc_nano.a(libc_a-stdio.o)
                              C:/ST/STM32CubeIDE_2.1.1/STM32CubeIDE/plugins/com.st.stm32cube.ide.mcu.externaltools.gnu-tools-for-stm32.14.3.rel1.win32_1.0.100.202602081740/tools/bin/../lib/gcc/arm-none-eabi/14.3.1/../../../../arm-none-eabi/lib/thumb/v7-m/nofp\libc_nano.a(libc_a-findfp.o) (__sread)
C:/ST/STM32CubeIDE_2.1.1/STM32CubeIDE/plugins/com.st.stm32cube.ide.mcu.externaltools.gnu-tools-for-stm32.14.3.rel1.win32_1.0.100.202602081740/tools/bin/../lib/gcc/arm-none-eabi/14.3.1/../../../../arm-none-eabi/lib/thumb/v7-m/nofp\libc_nano.a(libc_a-memset.o)
                              C:/ST/STM32CubeIDE_2.1.1/STM32CubeIDE/plugins/com.st.stm32cube.ide.mcu.externaltools.gnu-tools-for-stm32.14.3.rel1.win32_1.0.100.202602081740/tools/bin/../lib/gcc/arm-none-eabi/14.3.1/../../../../arm-none-eabi/lib/thumb/v7-m/nofp/crt0.o (memset)
C:/ST/STM32CubeIDE_2.1.1/STM32CubeIDE/plugins/com.st.stm32cube.ide.mcu.externaltools.gnu-tools-for-stm32.14.3.rel1.win32_1.0.100.202602081740/tools/bin/../lib/gcc/arm-none-eabi/14.3.1/../../../../arm-none-eabi/lib/thumb/v7-m/nofp\libc_nano.a(libc_a-closer.o)
                              C:/ST/STM32CubeIDE_2.1.1/STM32CubeIDE/plugins/com.st.stm32cube.ide.mcu.externaltools.gnu-tools-for-stm32.14.3.rel1.win32_1.0.100.202602081740/tools/bin/../lib/gcc/arm-none-eabi/14.3.1/../../../../arm-none-eabi/lib/thumb/v7-m/nofp\libc_nano.a(libc_a-stdio.o) (_close_r)
C:/ST/STM32CubeIDE_2.1.1/STM32CubeIDE/plugins/com.st.stm32cube.ide.mcu.externaltools.gnu-tools-for-stm32.14.3.rel1.win32_1.0.100.202602081740/tools/bin/../lib/gcc/arm-none-eabi/14.3.1/../../../../arm-none-eabi/lib/thumb/v7-m/nofp\libc_nano.a(libc_a-reent.o)
                              C:/ST/STM32CubeIDE_2.1.1/STM32CubeIDE/plugins/com.st.stm32cube.ide.mcu.externaltools.gnu-tools-for-stm32.14.3.rel1.win32_1.0.100.202602081740/tools/bin/../lib/gcc/arm-none-eabi/14.3.1/../../../../arm-none-eabi/lib/thumb/v7-m/nofp\libc_nano.a(libc_a-closer.o) (errno)
C:/ST/STM32CubeIDE_2.1.1/STM32CubeIDE/plugins/com.st.stm32cube.ide.mcu.externaltools.gnu-tools-for-stm32.14.3.rel1.win32_1.0.100.202602081740/tools/bin/../lib/gcc/arm-none-eabi/14.3.1/../../../../arm-none-eabi/lib/thumb/v7-m/nofp\libc_nano.a(libc_a-impure.o)
                              C:/ST/STM32CubeIDE_2.1.1/STM32CubeIDE/plugins/com.st.stm32cube.ide.mcu.externaltools.gnu-tools-for-stm32.14.3.rel1.win32_1.0.100.202602081740/tools/bin/../lib/gcc/arm-none-eabi/14.3.1/../../../../arm-none-eabi/lib/thumb/v7-m/nofp\libc_nano.a(libc_a-reent.o) (_impure_ptr)
C:/ST/STM32CubeIDE_2.1.1/STM32CubeIDE/plugins/com.st.stm32cube.ide.mcu.externaltools.gnu-tools-for-stm32.14.3.rel1.win32_1.0.100.202602081740/tools/bin/../lib/gcc/arm-none-eabi/14.3.1/../../../../arm-none-eabi/lib/thumb/v7-m/nofp\libc_nano.a(libc_a-lseekr.o)
[...]
Memory Configuration

Name             Origin             Length             Attributes
RAM              0x20000000         0x00005000         xrw
FLASH            0x08000000         0x00010000         xr
*default*        0x00000000         0xffffffff

Linker script and memory map

LOAD C:/ST/STM32CubeIDE_2.1.1/STM32CubeIDE/plugins/com.st.stm32cube.ide.mcu.externaltools.gnu-tools-for-stm32.14.3.rel1.win32_1.0.100.202602081740/tools/bin/../lib/gcc/arm-none-eabi/14.3.1/thumb/v7-m/nofp/crti.o
LOAD C:/ST/STM32CubeIDE_2.1.1/STM32CubeIDE/plugins/com.st.stm32cube.ide.mcu.externaltools.gnu-tools-for-stm32.14.3.rel1.win32_1.0.100.202602081740/tools/bin/../lib/gcc/arm-none-eabi/14.3.1/thumb/v7-m/nofp/crtbegin.o
LOAD C:/ST/STM32CubeIDE_2.1.1/STM32CubeIDE/plugins/com.st.stm32cube.ide.mcu.externaltools.gnu-tools-for-stm32.14.3.rel1.win32_1.0.100.202602081740/tools/bin/../lib/gcc/arm-none-eabi/14.3.1/../../../../arm-none-eabi/lib/thumb/v7-m/nofp/crt0.o
LOAD ./Src/adc.o
LOAD ./Src/cnv.o
LOAD ./Src/com.o
LOAD ./Src/config.o
LOAD ./Src/drv_mng.o
LOAD ./Src/foc.o
LOAD ./Src/hall.o
LOAD ./Src/main.o
LOAD ./Src/pwm.o
LOAD ./Src/syscalls.o
LOAD ./Src/sysmem.o
LOAD ./Src/task.o
LOAD ./Startup/startup_stm32f103c8tx.o
START GROUP
LOAD C:/ST/STM32CubeIDE_2.1.1/STM32CubeIDE/plugins/com.st.stm32cube.ide.mcu.externaltools.gnu-tools-for-stm32.14.3.rel1.win32_1.0.100.202602081740/tools/bin/../lib/gcc/arm-none-eabi/14.3.1/../../../../arm-none-eabi/lib/thumb/v7-m/nofp\libc_nano.a
LOAD C:/ST/STM32CubeIDE_2.1.1/STM32CubeIDE/plugins/com.st.stm32cube.ide.mcu.externaltools.gnu-tools-for-stm32.14.3.rel1.win32_1.0.100.202602081740/tools/bin/../lib/gcc/arm-none-eabi/14.3.1/../../../../arm-none-eabi/lib/thumb/v7-m/nofp\libm.a
END GROUP
START GROUP
LOAD C:/ST/STM32CubeIDE_2.1.1/STM32CubeIDE/plugins/com.st.stm32cube.ide.mcu.externaltools.gnu-tools-for-stm32.14.3.rel1.win32_1.0.100.202602081740/tools/bin/../lib/gcc/arm-none-eabi/14.3.1/thumb/v7-m/nofp\libgcc.a
LOAD C:/ST/STM32CubeIDE_2.1.1/STM32CubeIDE/plugins/com.st.stm32cube.ide.mcu.externaltools.gnu-tools-for-stm32.14.3.rel1.win32_1.0.100.202602081740/tools/bin/../lib/gcc/arm-none-eabi/14.3.1/../../../../arm-none-eabi/lib/thumb/v7-m/nofp\libc_nano.a
END GROUP
START GROUP
LOAD C:/ST/STM32CubeIDE_2.1.1/STM32CubeIDE/plugins/com.st.stm32cube.ide.mcu.externaltools.gnu-tools-for-stm32.14.3.rel1.win32_1.0.100.202602081740/tools/bin/../lib/gcc/arm-none-eabi/14.3.1/thumb/v7-m/nofp\libgcc.a
LOAD C:/ST/STM32CubeIDE_2.1.1/STM32CubeIDE/plugins/com.st.stm32cube.ide.mcu.externaltools.gnu-tools-for-stm32.14.3.rel1.win32_1.0.100.202602081740/tools/bin/../lib/gcc/arm-none-eabi/14.3.1/../../../../arm-none-eabi/lib/thumb/v7-m/nofp\libc_nano.a
LOAD C:/ST/STM32CubeIDE_2.1.1/STM32CubeIDE/plugins/com.st.stm32cube.ide.mcu.externaltools.gnu-tools-for-stm32.14.3.rel1.win32_1.0.100.202602081740/tools/bin/../lib/gcc/arm-none-eabi/14.3.1/../../../../arm-none-eabi/lib/thumb/v7-m/nofp\libnosys.a
END GROUP
START GROUP
LOAD C:/ST/STM32CubeIDE_2.1.1/STM32CubeIDE/plugins/com.st.stm32cube.ide.mcu.externaltools.gnu-tools-for-stm32.14.3.rel1.win32_1.0.100.202602081740/tools/bin/../lib/gcc/arm-none-eabi/14.3.1/thumb/v7-m/nofp\libgcc.a
LOAD C:/ST/STM32CubeIDE_2.1.1/STM32CubeIDE/plugins/com.st.stm32cube.ide.mcu.externaltools.gnu-tools-for-stm32.14.3.rel1.win32_1.0.100.202602081740/tools/bin/../lib/gcc/arm-none-eabi/14.3.1/../../../../arm-none-eabi/lib/thumb/v7-m/nofp\libc_nano.a
LOAD C:/ST/STM32CubeIDE_2.1.1/STM32CubeIDE/plugins/com.st.stm32cube.ide.mcu.externaltools.gnu-tools-for-stm32.14.3.rel1.win32_1.0.100.202602081740/tools/bin/../lib/gcc/arm-none-eabi/14.3.1/../../../../arm-none-eabi/lib/thumb/v7-m/nofp\libnosys.a
END GROUP
LOAD C:/ST/STM32CubeIDE_2.1.1/STM32CubeIDE/plugins/com.st.stm32cube.ide.mcu.externaltools.gnu-tools-for-stm32.14.3.rel1.win32_1.0.100.202602081740/tools/bin/../lib/gcc/arm-none-eabi/14.3.1/thumb/v7-m/nofp/crtend.o
LOAD C:/ST/STM32CubeIDE_2.1.1/STM32CubeIDE/plugins/com.st.stm32cube.ide.mcu.externaltools.gnu-tools-for-stm32.14.3.rel1.win32_1.0.100.202602081740/tools/bin/../lib/gcc/arm-none-eabi/14.3.1/thumb/v7-m/nofp/crtn.o
                0x20005000                        _estack = (ORIGIN (RAM) + LENGTH (RAM))
                0x00000200                        _Min_Heap_Size = 0x200
                0x00000400                        _Min_Stack_Size = 0x400

.isr_vector     0x08000000      0x130
                0x08000000                        . = ALIGN (0x4)
 *(.isr_vector)
 .isr_vector    0x08000000      0x130 ./Startup/startup_stm32f103c8tx.o
                0x08000000                g_pfnVectors
                0x08000130                        . = ALIGN (0x4)

.text           0x08000130     0x30a8
                0x08000130                        . = ALIGN (0x4)
 *(.text)
 .text          0x08000130       0x40 C:/ST/STM32CubeIDE_2.1.1/STM32CubeIDE/plugins/com.st.stm32cube.ide.mcu.externaltools.gnu-tools-for-stm32.14.3.rel1.win32_1.0.100.202602081740/tools/bin/../lib/gcc/arm-none-eabi/14.3.1/thumb/v7-m/nofp/crtbegin.o
 .text          0x08000170      0x254 C:/ST/STM32CubeIDE_2.1.1/STM32CubeIDE/plugins/com.st.stm32cube.ide.mcu.externaltools.gnu-tools-for-stm32.14.3.rel1.win32_1.0.100.202602081740/tools/bin/../lib/gcc/arm-none-eabi/14.3.1/thumb/v7-m/nofp\libgcc.a(_arm_muldf3.o)
                0x08000170                __muldf3
                0x08000170                __aeabi_dmul
 .text          0x080003c4      0x168 C:/ST/STM32CubeIDE_2.1.1/STM32CubeIDE/plugins/com.st.stm32cube.ide.mcu.externaltools.gnu-tools-for-stm32.14.3.rel1.win32_1.0.100.202602081740/tools/bin/../lib/gcc/arm-none-eabi/14.3.1/thumb/v7-m/nofp\libgcc.a(_arm_mulsf3.o)
                0x080003c4                __aeabi_fmul
                0x080003c4                __mulsf3
 .text          0x0800052c      0x378 C:/ST/STM32CubeIDE_2.1.1/STM32CubeIDE/plugins/com.st.stm32cube.ide.mcu.externaltools.gnu-tools-for-stm32.14.3.rel1.win32_1.0.100.202602081740/tools/bin/../lib/gcc/arm-none-eabi/14.3.1/thumb/v7-m/nofp\libgcc.a(_arm_addsubdf3.o)
                0x0800052c                __aeabi_drsub
                0x08000534                __aeabi_dsub
                0x08000534                __subdf3
                0x08000538                __aeabi_dadd
                0x08000538                __adddf3
                0x080007b0                __floatunsidf
                0x080007b0                __aeabi_ui2d
                0x080007d0                __floatsidf
                0x080007d0                __aeabi_i2d
                0x080007f4                __aeabi_f2d
                0x080007f4                __extendsfdf2
                0x08000838                __floatundidf
                0x08000838                __aeabi_ul2d
                0x08000848                __floatdidf
                0x08000848                __aeabi_l2d
 .text          0x080008a4       0x40 C:/ST/STM32CubeIDE_2.1.1/STM32CubeIDE/plugins/com.st.stm32cube.ide.mcu.externaltools.gnu-tools-for-stm32.14.3.rel1.win32_1.0.100.202602081740/tools/bin/../lib/gcc/arm-none-eabi/14.3.1/thumb/v7-m/nofp\libgcc.a(_arm_fixunsdfsi.o)
                0x080008a4                __aeabi_d2uiz
                0x080008a4                __fixunsdfsi
 .text          0x080008e4      0x21c C:/ST/STM32CubeIDE_2.1.1/STM32CubeIDE/plugins/com.st.stm32cube.ide.mcu.externaltools.gnu-tools-for-stm32.14.3.rel1.win32_1.0.100.202602081740/tools/bin/../lib/gcc/arm-none-eabi/14.3.1/thumb/v7-m/nofp\libgcc.a(_arm_addsubsf3.o)
                0x080008e4                __aeabi_frsub
                0x080008ec                __subsf3
                0x080008ec                __aeabi_fsub
                0x080008f0                __aeabi_fadd
                0x080008f0                __addsf3
                0x08000a50                __aeabi_ui2f
                0x08000a50                __floatunsisf
                0x08000a58                __aeabi_i2f
                0x08000a58                __floatsisf
                0x08000a74                __aeabi_ul2f
                0x08000a74                __floatundisf
                0x08000a84                __aeabi_l2f
                0x08000a84                __floatdisf
 .text          0x08000b00       0xec C:/ST/STM32CubeIDE_2.1.1/STM32CubeIDE/plugins/com.st.stm32cube.ide.mcu.externaltools.gnu-tools-for-stm32.14.3.rel1.win32_1.0.100.202602081740/tools/bin/../lib/gcc/arm-none-eabi/14.3.1/thumb/v7-m/nofp\libgcc.a(_arm_cmpsf2.o)
                0x08000b00                __gesf2
                0x08000b00                __gtsf2
                0x08000b08                __lesf2
                0x08000b08                __ltsf2
                0x08000b10                __nesf2
                0x08000b10                __eqsf2
                0x08000b10                __cmpsf2
                0x08000b70                __aeabi_cfrcmple
                0x08000b78                __aeabi_cfcmpeq
                0x08000b78                __aeabi_cfcmple
                0x08000b88                __aeabi_fcmpeq
                0x08000b9c                __aeabi_fcmplt
                0x08000bb0                __aeabi_fcmple
                0x08000bc4                __aeabi_fcmpge
                0x08000bd8                __aeabi_fcmpgt
 .text          0x08000bec       0x4c C:/ST/STM32CubeIDE_2.1.1/STM32CubeIDE/plugins/com.st.stm32cube.ide.mcu.externaltools.gnu-tools-for-stm32.14.3.rel1.win32_1.0.100.202602081740/tools/bin/../lib/gcc/arm-none-eabi/14.3.1/thumb/v7-m/nofp\libgcc.a(_arm_fixsfsi.o)
                0x08000bec                __aeabi_f2iz
                0x08000bec                __fixsfsi
 *(.text*)
 .text.adc_base_from_group
                0x08000c38       0x14 ./Src/adc.o
 .text.adc_set_channel_sample_time
                0x08000c4c       0x3e ./Src/adc.o
 *fill*         0x08000c8a        0x2 
 .text.adc_config_gpio_analog_from_channel
                0x08000c8c       0x5c ./Src/adc.o
 .text.adc_calibrate
                0x08000ce8       0x48 ./Src/adc.o
 .text.adc_config_sequence
                0x08000d30       0x4c ./Src/adc.o
 .text.adc_copy_latest_frame
                0x08000d7c       0x24 ./Src/adc.o
 .text.adc_read_single_channel
                0x08000da0       0x54 ./Src/adc.o
 .text.ADC_Init
                0x08000df4       0xf4 ./Src/adc.o
                0x08000df4                ADC_Init
 .text.ADC_TriggerFromPwmCycle
                0x08000ee8       0x9c ./Src/adc.o
                0x08000ee8                ADC_TriggerFromPwmCycle
 .text.ADC_GetValue
                0x08000f84       0x44 ./Src/adc.o
                0x08000f84                ADC_GetValue
 .text.ADC1_2_IRQHandler
                0x08000fc8       0x74 ./Src/adc.o
                0x08000fc8                ADC1_2_IRQHandler
 .text.cnv_adc_raw_to_mv
                0x0800103c       0x24 ./Src/cnv.o
 .text.ens_cnv_voltage_to_current_ca
                0x08001060       0x20 ./Src/cnv.o
 .text.ens_cnv_curr_offset
                0x08001080       0x84 ./Src/cnv.o
 .text.ens_cnv_update_adc_values
                0x08001104       0x34 ./Src/cnv.o
 .text.ens_cnv_curr
                0x08001138       0x58 ./Src/cnv.o
 .text.ens_cnv_bemf_mv_to_dv
                0x08001190       0x30 ./Src/cnv.o
 .text.ens_cnv_bemf
                0x080011c0       0x40 ./Src/cnv.o
 .text.ens_cnv_throttle_adc_to_perc
                0x08001200       0xa0 ./Src/cnv.o
 .text.eng_cnv_init
                0x080012a0       0x94 ./Src/cnv.o
                0x080012a0                eng_cnv_init
 .text.eng_cnv_100us
                0x08001334       0x12 ./Src/cnv.o
                0x08001334                eng_cnv_100us
 .text.eng_cnv_1ms
                0x08001346        0xa ./Src/cnv.o
                0x08001346                eng_cnv_1ms
 .text.eng_cnv_get_phase_currents
                0x08001350       0x24 ./Src/cnv.o
                0x08001350                eng_cnv_get_phase_currents
 .text.eng_cnv_get_throttle_perc
                0x08001374       0x10 ./Src/cnv.o
                0x08001374                eng_cnv_get_throttle_perc
 .text.config_get
                0x08001384        0x8 ./Src/config.o
                0x08001384                config_get
 .text.eng_drv_mng_init
                0x0800138c       0x14 ./Src/drv_mng.o
                0x0800138c                eng_drv_mng_init
 .text.eng_drv_mng_1ms
                0x080013a0       0x5c ./Src/drv_mng.o
                0x080013a0                eng_drv_mng_1ms
 .text.eng_foc_init
                0x080013fc       0x84 ./Src/foc.o
                0x080013fc                eng_foc_init
 .text.eng_foc_park_transform
                0x08001480       0x84 ./Src/foc.o
                0x08001480                eng_foc_park_transform
 .text.eng_foc_clarke_transform
                0x08001504       0x3c ./Src/foc.o
                0x08001504                eng_foc_clarke_transform
 .text.eng_foc_inverse_park_transform
                0x08001540       0x80 ./Src/foc.o
                0x08001540                eng_foc_inverse_park_transform
 .text.eng_foc_svm
                0x080015c0       0x88 ./Src/foc.o
                0x080015c0                eng_foc_svm
 .text.eng_foc_main
                0x08001648      0x114 ./Src/foc.o
                0x08001648                eng_foc_main
 .text.hall_norm_angle
                0x0800175c        0xc ./Src/hall.o
 .text.hall_angle_to_sector
                0x08001768       0x18 ./Src/hall.o
 .text.hall_est_is_timeout
                0x08001780       0x28 ./Src/hall.o
 .text.hall_est_reset_history
                0x080017a8       0x44 ./Src/hall.o
 .text.hall_est_force_reset
                0x080017ec       0x64 ./Src/hall.o
 .text.hall_est_add_sector_sample
                0x08001850       0xcc ./Src/hall.o
 .text.hall_timebase_init
                0x0800191c       0x24 ./Src/hall.o
 .text.hall_read_pin
                0x08001940       0x14 ./Src/hall.o
 .text.hall_est_reset_on_interrupt
                0x08001954      0x13c ./Src/hall.o
 .text.hall_refresh_all_levels
                0x08001a90       0xb8 ./Src/hall.o
 .text.hall_handle_exti_line
                0x08001b48       0x80 ./Src/hall.o
 .text.Hall_Init
                0x08001bc8       0xf4 ./Src/hall.o
                0x08001bc8                Hall_Init
 .text.eng_hall_ang_est
                0x08001cbc      0x1a8 ./Src/hall.o
                0x08001cbc                eng_hall_ang_est
 .text.eng_hall_elec_rpm_est
                0x08001e64       0x68 ./Src/hall.o
                0x08001e64                eng_hall_elec_rpm_est
 .text.eng_hall_mech_rpm_est
                0x08001ecc       0x2c ./Src/hall.o
                0x08001ecc                eng_hall_mech_rpm_est
 .text.EXTI1_IRQHandler
                0x08001ef8        0xc ./Src/hall.o
                0x08001ef8                EXTI1_IRQHandler
 .text.EXTI2_IRQHandler
                0x08001f04        0xc ./Src/hall.o
                0x08001f04                EXTI2_IRQHandler
 .text.EXTI3_IRQHandler
                0x08001f10        0xc ./Src/hall.o
                0x08001f10                EXTI3_IRQHandler
 .text.main     0x08001f1c       0x50 ./Src/main.o
                0x08001f1c                main
 .text.pwm_encode_deadtime_us
                0x08001f6c       0x44 ./Src/pwm.o
 .text.pwm_limit_duty
                0x08001fb0        0xe ./Src/pwm.o
 *fill*         0x08001fbe        0x2 
 .text.pwm_duty_to_ccr
                0x08001fc0       0x30 ./Src/pwm.o
 .text.eng_pwm_set_duty
                0x08001ff0       0x30 ./Src/pwm.o
                0x08001ff0                eng_pwm_set_duty
 .text.vdg_pwm_on_100_us
                0x08002020       0x40 ./Src/pwm.o
                0x08002020                vdg_pwm_on_100_us
 .text.PWM_EnableOutput
                0x08002060       0x14 ./Src/pwm.o
                0x08002060                PWM_EnableOutput
 .text.PWM_DisableOutput
                0x08002074       0x14 ./Src/pwm.o
                0x08002074                PWM_DisableOutput
 .text.PWM_Init
                0x08002088       0xd4 ./Src/pwm.o
                0x08002088                PWM_Init
 .text.eng_task_init
                0x0800215c       0x64 ./Src/task.o
                0x0800215c                eng_task_init
 .text.eng_task_main
                0x080021c0       0x18 ./Src/task.o
                0x080021c0                eng_task_main
 .text.eng_task_on_100us
                0x080021d8       0x38 ./Src/task.o
                0x080021d8                eng_task_on_100us
 .text.TIM2_IRQHandler
                0x08002210       0x3c ./Src/task.o
                0x08002210                TIM2_IRQHandler
 .text.Reset_Handler
                0x0800224c       0x50 ./Startup/startup_stm32f103c8tx.o
                0x0800224c                Reset_Handler
 .text.Default_Handler
                0x0800229c        0x2 ./Startup/startup_stm32f103c8tx.o
                0x0800229c                TIM8_TRG_COM_IRQHandler
                0x0800229c                TIM8_CC_IRQHandler
                0x0800229c                DebugMon_Handler
                0x0800229c                TIM1_CC_IRQHandler
                0x0800229c                HardFault_Handler
                0x0800229c                TIM6_IRQHandler
                0x0800229c                SysTick_Handler
                0x0800229c                PVD_IRQHandler
                0x0800229c                SDIO_IRQHandler
                0x0800229c                PendSV_Handler
                0x0800229c                NMI_Handler
                0x0800229c                USB_HP_CAN_TX_IRQHandler
                0x0800229c                EXTI0_IRQHandler
                0x0800229c                I2C2_EV_IRQHandler
                0x0800229c                UsageFault_Handler
                0x0800229c                SPI1_IRQHandler
                0x0800229c                CAN_SCE_IRQHandler
                0x0800229c                TAMPER_IRQHandler
                0x0800229c                TIM8_UP_IRQHandler
                0x0800229c                DMA2_Channel2_IRQHandler
                0x0800229c                DMA1_Channel4_IRQHandler
                0x0800229c                USART3_IRQHandler
                0x0800229c                RTC_IRQHandler
                0x0800229c                DMA1_Channel7_IRQHandler
                0x0800229c                UART5_IRQHandler
                0x0800229c                ADC3_IRQHandler
                0x0800229c                TIM4_IRQHandler
                0x0800229c                CAN_RX1_IRQHandler
                0x0800229c                DMA2_Channel1_IRQHandler
                0x0800229c                I2C1_EV_IRQHandler
                0x0800229c                DMA1_Channel6_IRQHandler
                0x0800229c                UART4_IRQHandler
                0x0800229c                TIM3_IRQHandler
                0x0800229c                RCC_IRQHandler
                0x0800229c                TIM1_TRG_COM_IRQHandler
                0x0800229c                DMA1_Channel1_IRQHandler
                0x0800229c                Default_Handler
                0x0800229c                EXTI15_10_IRQHandler
                0x0800229c                TIM7_IRQHandler
                0x0800229c                TIM5_IRQHandler
                0x0800229c                EXTI9_5_IRQHandler
                0x0800229c                SPI2_IRQHandler
                0x0800229c                USB_LP_CAN_RX0_IRQHandler
                0x0800229c                MemManage_Handler
                0x0800229c                SVC_Handler
                0x0800229c                DMA1_Channel5_IRQHandler
                0x0800229c                EXTI4_IRQHandler
                0x0800229c                DMA1_Channel3_IRQHandler
                0x0800229c                FSMC_IRQHandler
                0x0800229c                TIM1_UP_IRQHandler
                0x0800229c                WWDG_IRQHandler
                0x0800229c                TIM1_BRK_IRQHandler
                0x0800229c                RTCAlarm_IRQHandler
                0x0800229c                DMA2_Channel4_5_IRQHandler
                0x0800229c                USART2_IRQHandler
                0x0800229c                I2C2_ER_IRQHandler
                0x0800229c                DMA1_Channel2_IRQHandler
                0x0800229c                TIM8_BRK_IRQHandler
                0x0800229c                FLASH_IRQHandler
                0x0800229c                BusFault_Handler
                0x0800229c                USART1_IRQHandler
                0x0800229c                SPI3_IRQHandler
                0x0800229c                I2C1_ER_IRQHandler
                0x0800229c                DMA2_Channel3_IRQHandler
 *fill*         0x0800229e        0x2 
 .text.__libc_init_array
                0x080022a0       0x48 C:/ST/STM32CubeIDE_2.1.1/STM32CubeIDE/plugins/com.st.stm32cube.ide.mcu.externaltools.gnu-tools-for-stm32.14.3.rel1.win32_1.0.100.202602081740/tools/bin/../lib/gcc/arm-none-eabi/14.3.1/../../../../arm-none-eabi/lib/thumb/v7-m/nofp\libc_nano.a(libc_a-init.o)
                0x080022a0                __libc_init_array
 .text.cosf     0x080022e8       0x64 C:/ST/STM32CubeIDE_2.1.1/STM32CubeIDE/plugins/com.st.stm32cube.ide.mcu.externaltools.gnu-tools-for-stm32.14.3.rel1.win32_1.0.100.202602081740/tools/bin/../lib/gcc/arm-none-eabi/14.3.1/../../../../arm-none-eabi/lib/thumb/v7-m/nofp\libm.a(libm_a-sf_cos.o)
                0x080022e8                cosf
 .text.sinf     0x0800234c       0x68 C:/ST/STM32CubeIDE_2.1.1/STM32CubeIDE/plugins/com.st.stm32cube.ide.mcu.externaltools.gnu-tools-for-stm32.14.3.rel1.win32_1.0.100.202602081740/tools/bin/../lib/gcc/arm-none-eabi/14.3.1/../../../../arm-none-eabi/lib/thumb/v7-m/nofp\libm.a(libm_a-sf_sin.o)
                0x0800234c                sinf
 .text.__kernel_cosf
                0x080023b4      0x190 C:/ST/STM32CubeIDE_2.1.1/STM32CubeIDE/plugins/com.st.stm32cube.ide.mcu.externaltools.gnu-tools-for-stm32.14.3.rel1.win32_1.0.100.202602081740/tools/bin/../lib/gcc/arm-none-eabi/14.3.1/../../../../arm-none-eabi/lib/thumb/v7-m/nofp\libm.a(libm_a-kf_cos.o)
                0x080023b4                __kernel_cosf
 .text.__kernel_sinf
                0x08002544       0xec C:/ST/STM32CubeIDE_2.1.1/STM32CubeIDE/plugins/com.st.stm32cube.ide.mcu.externaltools.gnu-tools-for-stm32.14.3.rel1.win32_1.0.100.202602081740/tools/bin/../lib/gcc/arm-none-eabi/14.3.1/../../../../arm-none-eabi/lib/thumb/v7-m/nofp\libm.a(libm_a-kf_sin.o)
                0x08002544                __kernel_sinf
 .text.__ieee754_rem_pio2f
                0x08002630      0x2dc C:/ST/STM32CubeIDE_2.1.1/STM32CubeIDE/plugins/com.st.stm32cube.ide.mcu.externaltools.gnu-tools-for-stm32.14.3.rel1.win32_1.0.100.202602081740/tools/bin/../lib/gcc/arm-none-eabi/14.3.1/../../../../arm-none-eabi/lib/thumb/v7-m/nofp\libm.a(libm_a-ef_rem_pio2.o)
                0x08002630                __ieee754_rem_pio2f
 .text.fabsf    0x0800290c        0x8 C:/ST/STM32CubeIDE_2.1.1/STM32CubeIDE/plugins/com.st.stm32cube.ide.mcu.externaltools.gnu-tools-for-stm32.14.3.rel1.win32_1.0.100.202602081740/tools/bin/../lib/gcc/arm-none-eabi/14.3.1/../../../../arm-none-eabi/lib/thumb/v7-m/nofp\libm.a(libm_a-sf_fabs.o)
                0x0800290c                fabsf
 .text.__kernel_rem_pio2f
                0x08002914      0x770 C:/ST/STM32CubeIDE_2.1.1/STM32CubeIDE/plugins/com.st.stm32cube.ide.mcu.externaltools.gnu-tools-for-stm32.14.3.rel1.win32_1.0.100.202602081740/tools/bin/../lib/gcc/arm-none-eabi/14.3.1/../../../../arm-none-eabi/lib/thumb/v7-m/nofp\libm.a(libm_a-kf_rem_pio2.o)
                0x08002914                __kernel_rem_pio2f
 .text.scalbnf  0x08003084       0xb0 C:/ST/STM32CubeIDE_2.1.1/STM32CubeIDE/plugins/com.st.stm32cube.ide.mcu.externaltools.gnu-tools-for-stm32.14.3.rel1.win32_1.0.100.202602081740/tools/bin/../lib/gcc/arm-none-eabi/14.3.1/../../../../arm-none-eabi/lib/thumb/v7-m/nofp\libm.a(libm_a-sf_scalbn.o)
                0x08003084                scalbnf
 .text.floorf   0x08003134       0x8c C:/ST/STM32CubeIDE_2.1.1/STM32CubeIDE/plugins/com.st.stm32cube.ide.mcu.externaltools.gnu-tools-for-stm32.14.3.rel1.win32_1.0.100.202602081740/tools/bin/../lib/gcc/arm-none-eabi/14.3.1/../../../../arm-none-eabi/lib/thumb/v7-m/nofp\libm.a(libm_a-sf_floor.o)
                0x08003134                floorf
 *(.glue_7)
 .glue_7        0x080031c0        0x0 linker stubs
 *(.glue_7t)
 .glue_7t       0x080031c0        0x0 linker stubs
 *(.eh_frame)
 .eh_frame      0x080031c0        0x0 C:/ST/STM32CubeIDE_2.1.1/STM32CubeIDE/plugins/com.st.stm32cube.ide.mcu.externaltools.gnu-tools-for-stm32.14.3.rel1.win32_1.0.100.202602081740/tools/bin/../lib/gcc/arm-none-eabi/14.3.1/thumb/v7-m/nofp/crtbegin.o
 *(.init)
 .init          0x080031c0        0x4 C:/ST/STM32CubeIDE_2.1.1/STM32CubeIDE/plugins/com.st.stm32cube.ide.mcu.externaltools.gnu-tools-for-stm32.14.3.rel1.win32_1.0.100.202602081740/tools/bin/../lib/gcc/arm-none-eabi/14.3.1/thumb/v7-m/nofp/crti.o
                0x080031c0                _init
 .init          0x080031c4        0x8 C:/ST/STM32CubeIDE_2.1.1/STM32CubeIDE/plugins/com.st.stm32cube.ide.mcu.externaltools.gnu-tools-for-stm32.14.3.rel1.win32_1.0.100.202602081740/tools/bin/../lib/gcc/arm-none-eabi/14.3.1/thumb/v7-m/nofp/crtn.o
 *(.fini)
 .fini          0x080031cc        0x4 C:/ST/STM32CubeIDE_2.1.1/STM32CubeIDE/plugins/com.st.stm32cube.ide.mcu.externaltools.gnu-tools-for-stm32.14.3.rel1.win32_1.0.100.202602081740/tools/bin/../lib/gcc/arm-none-eabi/14.3.1/thumb/v7-m/nofp/crti.o
                0x080031cc                _fini
 .fini          0x080031d0        0x8 C:/ST/STM32CubeIDE_2.1.1/STM32CubeIDE/plugins/com.st.stm32cube.ide.mcu.externaltools.gnu-tools-for-stm32.14.3.rel1.win32_1.0.100.202602081740/tools/bin/../lib/gcc/arm-none-eabi/14.3.1/thumb/v7-m/nofp/crtn.o
                0x080031d8                        . = ALIGN (0x4)
                0x080031d8                        _etext = .

.vfp11_veneer   0x080031d8        0x0
 .vfp11_veneer  0x080031d8        0x0 linker stubs

.v4_bx          0x080031d8        0x0
 .v4_bx         0x080031d8        0x0 linker stubs

.iplt           0x080031d8        0x0
 .iplt          0x080031d8        0x0 C:/ST/STM32CubeIDE_2.1.1/STM32CubeIDE/plugins/com.st.stm32cube.ide.mcu.externaltools.gnu-tools-for-stm32.14.3.rel1.win32_1.0.100.202602081740/tools/bin/../lib/gcc/arm-none-eabi/14.3.1/thumb/v7-m/nofp/crtbegin.o

.rodata         0x080031d8      0x414
                0x080031d8                        . = ALIGN (0x4)
 *(.rodata)
 *(.rodata*)
 .rodata.g_inverter_config
                0x080031d8       0x40 ./Src/config.o
 .rodata.hall_pin_map
                0x08003218        0x3 ./Src/hall.o
 *fill*         0x0800321b        0x1 
 .rodata.npio2_hw
                0x0800321c       0x80 C:/ST/STM32CubeIDE_2.1.1/STM32CubeIDE/plugins/com.st.stm32cube.ide.mcu.externaltools.gnu-tools-for-stm32.14.3.rel1.win32_1.0.100.202602081740/tools/bin/../lib/gcc/arm-none-eabi/14.3.1/../../../../arm-none-eabi/lib/thumb/v7-m/nofp\libm.a(libm_a-ef_rem_pio2.o)
 .rodata.two_over_pi
                0x0800329c      0x318 C:/ST/STM32CubeIDE_2.1.1/STM32CubeIDE/plugins/com.st.stm32cube.ide.mcu.externaltools.gnu-tools-for-stm32.14.3.rel1.win32_1.0.100.202602081740/tools/bin/../lib/gcc/arm-none-eabi/14.3.1/../../../../arm-none-eabi/lib/thumb/v7-m/nofp\libm.a(libm_a-ef_rem_pio2.o)
 .rodata.PIo2   0x080035b4       0x2c C:/ST/STM32CubeIDE_2.1.1/STM32CubeIDE/plugins/com.st.stm32cube.ide.mcu.externaltools.gnu-tools-for-stm32.14.3.rel1.win32_1.0.100.202602081740/tools/bin/../lib/gcc/arm-none-eabi/14.3.1/../../../../arm-none-eabi/lib/thumb/v7-m/nofp\libm.a(libm_a-kf_rem_pio2.o)
 .rodata.init_jk
                0x080035e0        0xc C:/ST/STM32CubeIDE_2.1.1/STM32CubeIDE/plugins/com.st.stm32cube.ide.mcu.externaltools.gnu-tools-for-stm32.14.3.rel1.win32_1.0.100.202602081740/tools/bin/../lib/gcc/arm-none-eabi/14.3.1/../../../../arm-none-eabi/lib/thumb/v7-m/nofp\libm.a(libm_a-kf_rem_pio2.o)
                0x080035ec                        . = ALIGN (0x4)

.ARM.extab      0x080035ec        0x0
                0x080035ec                        . = ALIGN (0x4)
 *(.ARM.extab* .gnu.linkonce.armextab.*)
                0x080035ec                        . = ALIGN (0x4)

.ARM            0x080035ec        0x0
                0x080035ec                        . = ALIGN (0x4)
                0x080035ec                        __exidx_start = .
 *(.ARM.exidx*)
                0x080035ec                        __exidx_end = .
                0x080035ec                        . = ALIGN (0x4)

.preinit_array  0x080035ec        0x0
                0x080035ec                        . = ALIGN (0x4)
                0x080035ec                        PROVIDE (__preinit_array_start = .)
 *(.preinit_array*)
                0x080035ec                        PROVIDE (__preinit_array_end = .)
                0x080035ec                        . = ALIGN (0x4)

.init_array     0x080035ec        0x4
                0x080035ec                        . = ALIGN (0x4)
                0x080035ec                        PROVIDE (__init_array_start = .)
 *(SORT_BY_NAME(.init_array.*))
 *(.init_array*)
 .init_array    0x080035ec        0x4 C:/ST/STM32CubeIDE_2.1.1/STM32CubeIDE/plugins/com.st.stm32cube.ide.mcu.externaltools.gnu-tools-for-stm32.14.3.rel1.win32_1.0.100.202602081740/tools/bin/../lib/gcc/arm-none-eabi/14.3.1/thumb/v7-m/nofp/crtbegin.o
                0x080035f0                        PROVIDE (__init_array_end = .)
                0x080035f0                        . = ALIGN (0x4)

.fini_array     0x080035f0        0x4
                0x080035f0                        . = ALIGN (0x4)
                [!provide]                        PROVIDE (__fini_array_start = .)
 *(SORT_BY_NAME(.fini_array.*))
 *(.fini_array*)
 .fini_array    0x080035f0        0x4 C:/ST/STM32CubeIDE_2.1.1/STM32CubeIDE/plugins/com.st.stm32cube.ide.mcu.externaltools.gnu-tools-for-stm32.14.3.rel1.win32_1.0.100.202602081740/tools/bin/../lib/gcc/arm-none-eabi/14.3.1/thumb/v7-m/nofp/crtbegin.o
                [!provide]                        PROVIDE (__fini_array_end = .)
                0x080035f4                        . = ALIGN (0x4)
                0x080035f4                        _sidata = LOADADDR (.data)

.rel.dyn        0x080035f4        0x0
 .rel.iplt      0x080035f4        0x0 C:/ST/STM32CubeIDE_2.1.1/STM32CubeIDE/plugins/com.st.stm32cube.ide.mcu.externaltools.gnu-tools-for-stm32.14.3.rel1.win32_1.0.100.202602081740/tools/bin/../lib/gcc/arm-none-eabi/14.3.1/thumb/v7-m/nofp/crtbegin.o

.data           0x20000000        0x0 load address 0x080035f4
                0x20000000                        . = ALIGN (0x4)
                0x20000000                        _sdata = .
 *(.data)
 *(.data*)
 *(.RamFunc)
 *(.RamFunc*)
                0x20000000                        . = ALIGN (0x4)
                0x20000000                        _edata = .

.igot.plt       0x20000000        0x0 load address 0x080035f4
 .igot.plt      0x20000000        0x0 C:/ST/STM32CubeIDE_2.1.1/STM32CubeIDE/plugins/com.st.stm32cube.ide.mcu.externaltools.gnu-tools-for-stm32.14.3.rel1.win32_1.0.100.202602081740/tools/bin/../lib/gcc/arm-none-eabi/14.3.1/thumb/v7-m/nofp/crtbegin.o
                0x20000000                        . = ALIGN (0x4)

.bss            0x20000000      0x150 load address 0x080035f4
                0x20000000                        _sbss = .
                0x20000000                        __bss_start__ = _sbss
 *(.bss)
 .bss           0x20000000       0x1c C:/ST/STM32CubeIDE_2.1.1/STM32CubeIDE/plugins/com.st.stm32cube.ide.mcu.externaltools.gnu-tools-for-stm32.14.3.rel1.win32_1.0.100.202602081740/tools/bin/../lib/gcc/arm-none-eabi/14.3.1/thumb/v7-m/nofp/crtbegin.o
 *(.bss*)
 .bss.g_adc_sample_index
                0x2000001c        0x1 ./Src/adc.o
 .bss.g_adc_valid
                0x2000001d        0x1 ./Src/adc.o
 .bss.g_adc_frame_ready
                0x2000001e        0x1 ./Src/adc.o
 .bss.g_adc_busy
                0x2000001f        0x1 ./Src/adc.o
 .bss.g_adc_active_group
                0x20000020        0x1 ./Src/adc.o
 *fill*         0x20000021        0x3 
 .bss.g_adc_seq_channel
                0x20000024        0x7 ./Src/adc.o
 *fill*         0x2000002b        0x1 
 .bss.g_adc_raw_latest
                0x2000002c        0xe ./Src/adc.o
 *fill*         0x2000003a        0x2 
 .bss.g_adc_raw_work
                0x2000003c        0xe ./Src/adc.o
 .bss.u2s_throttle_centi_perc.0
                0x2000004a        0x2 ./Src/cnv.o
 .bss.u2sv_cnv_adc_mv
                0x2000004c        0xe ./Src/cnv.o
 .bss.u2gv_cnv_bemf_w_dv
                0x2000005a        0x2 ./Src/cnv.o
 .bss.u2gv_cnv_bemf_v_dv
                0x2000005c        0x2 ./Src/cnv.o
 .bss.u2gv_cnv_bemf_u_dv
                0x2000005e        0x2 ./Src/cnv.o
 .bss.u2gv_cnv_bemf_w_mv
                0x20000060        0x2 ./Src/cnv.o
 .bss.u2gv_cnv_bemf_v_mv
                0x20000062        0x2 ./Src/cnv.o
 .bss.u2gv_cnv_bemf_u_mv
                0x20000064        0x2 ./Src/cnv.o
 .bss.u2gv_cnv_throttle_perc
                0x20000066        0x2 ./Src/cnv.o
 .bss.u8gv_cnv_offset_ready
                0x20000068        0x1 ./Src/cnv.o
 *fill*         0x20000069        0x1 
 .bss.u16gv_cnv_offset_sample_count
                0x2000006a        0x2 ./Src/cnv.o
 .bss.u32gv_cnv_phase_w_offset_sum_mv
                0x2000006c        0x4 ./Src/cnv.o
 .bss.u32gv_cnv_phase_v_offset_sum_mv
                0x20000070        0x4 ./Src/cnv.o
 .bss.s32gv_cnv_phase_w_current_ca
                0x20000074        0x4 ./Src/cnv.o
 .bss.s32gv_cnv_phase_v_current_ca
                0x20000078        0x4 ./Src/cnv.o
 .bss.s4gv_cnv_phase_u_current_ca
                0x2000007c        0x4 ./Src/cnv.o
 .bss.u2gv_cnv_phase_w_offset_mv
                0x20000080        0x2 ./Src/cnv.o
 .bss.u2gv_cnv_phase_v_offset_mv
                0x20000082        0x2 ./Src/cnv.o
 .bss.u1sg_drv_mng_pwm_enabled
                0x20000084        0x1 ./Src/drv_mng.o
 *fill*         0x20000085        0x3 
 .bss.s4g_foc_svm_w_cpct
                0x20000088        0x4 ./Src/foc.o
                0x20000088                s4g_foc_svm_w_cpct
 .bss.s4g_foc_svm_v_cpct
                0x2000008c        0x4 ./Src/foc.o
                0x2000008c                s4g_foc_svm_v_cpct
 .bss.s4g_foc_svm_u_cpct
                0x20000090        0x4 ./Src/foc.o
                0x20000090                s4g_foc_svm_u_cpct
 .bss.s4g_foc_vbeta_cpct
                0x20000094        0x4 ./Src/foc.o
                0x20000094                s4g_foc_vbeta_cpct
 .bss.s4g_foc_valpha_cpct
                0x20000098        0x4 ./Src/foc.o
                0x20000098                s4g_foc_valpha_cpct
 .bss.s4g_foc_vd_ref_cpct
                0x2000009c        0x4 ./Src/foc.o
                0x2000009c                s4g_foc_vd_ref_cpct
 .bss.s4g_foc_vq_ref_cpct
                0x200000a0        0x4 ./Src/foc.o
                0x200000a0                s4g_foc_vq_ref_cpct
 .bss.s4g_foc_id_feb_ca
                0x200000a4        0x4 ./Src/foc.o
                0x200000a4                s4g_foc_id_feb_ca
 .bss.s4g_foc_iq_feb_ca
                0x200000a8        0x4 ./Src/foc.o
                0x200000a8                s4g_foc_iq_feb_ca
 .bss.s4g_foc_id_ref_ca
                0x200000ac        0x4 ./Src/foc.o
                0x200000ac                s4g_foc_id_ref_ca
 .bss.s4g_foc_iq_ref_ca
                0x200000b0        0x4 ./Src/foc.o
                0x200000b0                s4g_foc_iq_ref_ca
 .bss.s4g_foc_ibeta_ca
                0x200000b4        0x4 ./Src/foc.o
                0x200000b4                s4g_foc_ibeta_ca
 .bss.s4g_foc_ialpha_ca
                0x200000b8        0x4 ./Src/foc.o
                0x200000b8                s4g_foc_ialpha_ca
 .bss.s4g_foc_angle_est_deg
                0x200000bc        0x4 ./Src/foc.o
                0x200000bc                s4g_foc_angle_est_deg
 .bss.s4g_foc_id_pi_integral_q10
                0x200000c0        0x4 ./Src/foc.o
 .bss.s4g_foc_iq_pi_integral_q10
                0x200000c4        0x4 ./Src/foc.o
 .bss.hall_debounce_cycles
                0x200000c8        0x4 ./Src/hall.o
 .bss.s4g_hall_speed_mech_rpm
                0x200000cc        0x4 ./Src/hall.o
 .bss.s4g_hall_speed_elec_rpm
                0x200000d0        0x4 ./Src/hall.o
 .bss.hall_est_dir
                0x200000d4        0x1 ./Src/hall.o
 .bss.hall_est_prev_sector
                0x200000d5        0x1 ./Src/hall.o
 .bss.hall_est_has_prev_sector
                0x200000d6        0x1 ./Src/hall.o
 *fill*         0x200000d7        0x1 
 .bss.hall_est_sector_hist_start_cycle
                0x200000d8        0x4 ./Src/hall.o
 .bss.hall_est_sector_hist_index
                0x200000dc        0x1 ./Src/hall.o
 .bss.hall_est_sector_hist_count
                0x200000dd        0x1 ./Src/hall.o
 *fill*         0x200000de        0x2 
 .bss.hall_est_sector_hist_sum
                0x200000e0        0x4 ./Src/hall.o
 .bss.hall_est_sector_hist
                0x200000e4       0x18 ./Src/hall.o
 .bss.hall_est_avg_sector_cycles
                0x200000fc        0x4 ./Src/hall.o
 .bss.hall_est_last_cycle
                0x20000100        0x4 ./Src/hall.o
 .bss.hall_last_irq_cycle
                0x20000104        0xc ./Src/hall.o
 .bss.hall_edge_count
                0x20000110        0xc ./Src/hall.o
 .bss.hall_level
                0x2000011c        0x3 ./Src/hall.o
 *fill*         0x2000011f        0x1 
 .bss.u2g_hall_est_ang_next
                0x20000120        0x2 ./Src/hall.o
 .bss.u2g_hall_est_ang_ref
                0x20000122        0x2 ./Src/hall.o
 .bss.u2g_hall_est_curr_ang
                0x20000124        0x2 ./Src/hall.o
 .bss.u2g_hall_angle_deg
                0x20000126        0x2 ./Src/hall.o
 .bss.u1g_hall_state
                0x20000128        0x1 ./Src/hall.o
 *fill*         0x20000129        0x1 
 .bss.u2g_hall_ch3_state
                0x2000012a        0x2 ./Src/hall.o
 .bss.u2g_hall_ch2_state
                0x2000012c        0x2 ./Src/hall.o
 .bss.u2g_hall_ch1_state
                0x2000012e        0x2 ./Src/hall.o
 .bss.u1g_hall_ch3_state
                0x20000130        0x1 ./Src/hall.o
 .bss.u1g_hall_ch2_state
                0x20000131        0x1 ./Src/hall.o
 .bss.u1g_hall_ch1_state
                0x20000132        0x1 ./Src/hall.o
 *fill*         0x20000133        0x1 
 .bss.cnt       0x20000134        0x4 ./Src/main.o
                0x20000134                cnt
 .bss.u2sv_pwm_duty_w
                0x20000138        0x2 ./Src/pwm.o
 .bss.u2sv_pwm_duty_v
                0x2000013a        0x2 ./Src/pwm.o
 .bss.u2sv_pwm_duty_u
                0x2000013c        0x2 ./Src/pwm.o
 *fill*         0x2000013e        0x2 
 .bss.s4g_task_speed_mech_rpm
                0x20000140        0x4 ./Src/task.o
                0x20000140                s4g_task_speed_mech_rpm
 .bss.s4g_task_speed_elec_rpm
                0x20000144        0x4 ./Src/task.o
                0x20000144                s4g_task_speed_elec_rpm
 .bss.u2sg_task_div_1ms
                0x20000148        0x2 ./Src/task.o
 *fill*         0x2000014a        0x2 
 .bss.u4sg_task_tick_100us
                0x2000014c        0x4 ./Src/task.o
 *(COMMON)
                0x20000150                        . = ALIGN (0x4)
                0x20000150                        _ebss = .
                0x20000150                        __bss_end__ = _ebss

._user_heap_stack
                0x20000150      0x600 load address 0x080035f4
                0x20000150                        . = ALIGN (0x8)
                [!provide]                        PROVIDE (end = .)
                0x20000150                        PROVIDE (_end = .)
                0x20000350                        . = (. + _Min_Heap_Size)
 *fill*         0x20000150      0x200 
                0x20000750                        . = (. + _Min_Stack_Size)
 *fill*         0x20000350      0x400 
                0x20000750                        . = ALIGN (0x8)

/DISCARD/
 libc.a(*)
 libm.a(*)
 libgcc.a(*)

.ARM.attributes
                0x00000000       0x29
 *(.ARM.attributes)
 .ARM.attributes
                0x00000000       0x1d C:/ST/STM32CubeIDE_2.1.1/STM32CubeIDE/plugins/com.st.stm32cube.ide.mcu.externaltools.gnu-tools-for-stm32.14.3.rel1.win32_1.0.100.202602081740/tools/bin/../lib/gcc/arm-none-eabi/14.3.1/thumb/v7-m/nofp/crti.o
 .ARM.attributes
                0x0000001d       0x2d C:/ST/STM32CubeIDE_2.1.1/STM32CubeIDE/plugins/com.st.stm32cube.ide.mcu.externaltools.gnu-tools-for-stm32.14.3.rel1.win32_1.0.100.202602081740/tools/bin/../lib/gcc/arm-none-eabi/14.3.1/thumb/v7-m/nofp/crtbegin.o
 .ARM.attributes
                0x0000004a       0x2d ./Src/adc.o
 .ARM.attributes
                0x00000077       0x2d ./Src/cnv.o
 .ARM.attributes
                0x000000a4       0x2d ./Src/config.o
 .ARM.attributes
                0x000000d1       0x2d ./Src/drv_mng.o
 .ARM.attributes
                0x000000fe       0x2d ./Src/foc.o
 .ARM.attributes
                0x0000012b       0x2d ./Src/hall.o
 .ARM.attributes
                0x00000158       0x2d ./Src/main.o
 .ARM.attributes
                0x00000185       0x2d ./Src/pwm.o
 .ARM.attributes
                0x000001b2       0x2d ./Src/task.o
 .ARM.attributes
                0x000001df       0x21 ./Startup/startup_stm32f103c8tx.o
 .ARM.attributes
                0x00000200       0x2d C:/ST/STM32CubeIDE_2.1.1/STM32CubeIDE/plugins/com.st.stm32cube.ide.mcu.externaltools.gnu-tools-for-stm32.14.3.rel1.win32_1.0.100.202602081740/tools/bin/../lib/gcc/arm-none-eabi/14.3.1/../../../../arm-none-eabi/lib/thumb/v7-m/nofp\libc_nano.a(libc_a-init.o)
 .ARM.attributes
                0x0000022d       0x2d C:/ST/STM32CubeIDE_2.1.1/STM32CubeIDE/plugins/com.st.stm32cube.ide.mcu.externaltools.gnu-tools-for-stm32.14.3.rel1.win32_1.0.100.202602081740/tools/bin/../lib/gcc/arm-none-eabi/14.3.1/../../../../arm-none-eabi/lib/thumb/v7-m/nofp\libm.a(libm_a-sf_cos.o)
 .ARM.attributes
                0x0000025a       0x2d C:/ST/STM32CubeIDE_2.1.1/STM32CubeIDE/plugins/com.st.stm32cube.ide.mcu.externaltools.gnu-tools-for-stm32.14.3.rel1.win32_1.0.100.202602081740/tools/bin/../lib/gcc/arm-none-eabi/14.3.1/../../../../arm-none-eabi/lib/thumb/v7-m/nofp\libm.a(libm_a-sf_sin.o)
 .ARM.attributes
                0x00000287       0x2d C:/ST/STM32CubeIDE_2.1.1/STM32CubeIDE/plugins/com.st.stm32cube.ide.mcu.externaltools.gnu-tools-for-stm32.14.3.rel1.win32_1.0.100.202602081740/tools/bin/../lib/gcc/arm-none-eabi/14.3.1/../../../../arm-none-eabi/lib/thumb/v7-m/nofp\libm.a(libm_a-kf_cos.o)
 .ARM.attributes
                0x000002b4       0x2d C:/ST/STM32CubeIDE_2.1.1/STM32CubeIDE/plugins/com.st.stm32cube.ide.mcu.externaltools.gnu-tools-for-stm32.14.3.rel1.win32_1.0.100.202602081740/tools/bin/../lib/gcc/arm-none-eabi/14.3.1/../../../../arm-none-eabi/lib/thumb/v7-m/nofp\libm.a(libm_a-kf_sin.o)
 .ARM.attributes
                0x000002e1       0x2d C:/ST/STM32CubeIDE_2.1.1/STM32CubeIDE/plugins/com.st.stm32cube.ide.mcu.externaltools.gnu-tools-for-stm32.14.3.rel1.win32_1.0.100.202602081740/tools/bin/../lib/gcc/arm-none-eabi/14.3.1/../../../../arm-none-eabi/lib/thumb/v7-m/nofp\libm.a(libm_a-ef_rem_pio2.o)
 .ARM.attributes
                0x0000030e       0x2d C:/ST/STM32CubeIDE_2.1.1/STM32CubeIDE/plugins/com.st.stm32cube.ide.mcu.externaltools.gnu-tools-for-stm32.14.3.rel1.win32_1.0.100.202602081740/tools/bin/../lib/gcc/arm-none-eabi/14.3.1/../../../../arm-none-eabi/lib/thumb/v7-m/nofp\libm.a(libm_a-sf_fabs.o)
 .ARM.attributes
                0x0000033b       0x2d C:/ST/STM32CubeIDE_2.1.1/STM32CubeIDE/plugins/com.st.stm32cube.ide.mcu.externaltools.gnu-tools-for-stm32.14.3.rel1.win32_1.0.100.202602081740/tools/bin/../lib/gcc/arm-none-eabi/14.3.1/../../../../arm-none-eabi/lib/thumb/v7-m/nofp\libm.a(libm_a-kf_rem_pio2.o)
 .ARM.attributes
                0x00000368       0x2d C:/ST/STM32CubeIDE_2.1.1/STM32CubeIDE/plugins/com.st.stm32cube.ide.mcu.externaltools.gnu-tools-for-stm32.14.3.rel1.win32_1.0.100.202602081740/tools/bin/../lib/gcc/arm-none-eabi/14.3.1/../../../../arm-none-eabi/lib/thumb/v7-m/nofp\libm.a(libm_a-sf_scalbn.o)
 .ARM.attributes
                0x00000395       0x2d C:/ST/STM32CubeIDE_2.1.1/STM32CubeIDE/plugins/com.st.stm32cube.ide.mcu.externaltools.gnu-tools-for-stm32.14.3.rel1.win32_1.0.100.202602081740/tools/bin/../lib/gcc/arm-none-eabi/14.3.1/../../../../arm-none-eabi/lib/thumb/v7-m/nofp\libm.a(libm_a-sf_floor.o)
 .ARM.attributes
                0x000003c2       0x1d C:/ST/STM32CubeIDE_2.1.1/STM32CubeIDE/plugins/com.st.stm32cube.ide.mcu.externaltools.gnu-tools-for-stm32.14.3.rel1.win32_1.0.100.202602081740/tools/bin/../lib/gcc/arm-none-eabi/14.3.1/thumb/v7-m/nofp\libgcc.a(_arm_muldf3.o)
 .ARM.attributes
                0x000003df       0x1d C:/ST/STM32CubeIDE_2.1.1/STM32CubeIDE/plugins/com.st.stm32cube.ide.mcu.externaltools.gnu-tools-for-stm32.14.3.rel1.win32_1.0.100.202602081740/tools/bin/../lib/gcc/arm-none-eabi/14.3.1/thumb/v7-m/nofp\libgcc.a(_arm_mulsf3.o)
 .ARM.attributes
                0x000003fc       0x1d C:/ST/STM32CubeIDE_2.1.1/STM32CubeIDE/plugins/com.st.stm32cube.ide.mcu.externaltools.gnu-tools-for-stm32.14.3.rel1.win32_1.0.100.202602081740/tools/bin/../lib/gcc/arm-none-eabi/14.3.1/thumb/v7-m/nofp\libgcc.a(_arm_addsubdf3.o)
 .ARM.attributes
                0x00000419       0x1d C:/ST/STM32CubeIDE_2.1.1/STM32CubeIDE/plugins/com.st.stm32cube.ide.mcu.externaltools.gnu-tools-for-stm32.14.3.rel1.win32_1.0.100.202602081740/tools/bin/../lib/gcc/arm-none-eabi/14.3.1/thumb/v7-m/nofp\libgcc.a(_arm_fixunsdfsi.o)
 .ARM.attributes
                0x00000436       0x1d C:/ST/STM32CubeIDE_2.1.1/STM32CubeIDE/plugins/com.st.stm32cube.ide.mcu.externaltools.gnu-tools-for-stm32.14.3.rel1.win32_1.0.100.202602081740/tools/bin/../lib/gcc/arm-none-eabi/14.3.1/thumb/v7-m/nofp\libgcc.a(_arm_addsubsf3.o)
 .ARM.attributes
                0x00000453       0x1d C:/ST/STM32CubeIDE_2.1.1/STM32CubeIDE/plugins/com.st.stm32cube.ide.mcu.externaltools.gnu-tools-for-stm32.14.3.rel1.win32_1.0.100.202602081740/tools/bin/../lib/gcc/arm-none-eabi/14.3.1/thumb/v7-m/nofp\libgcc.a(_arm_cmpsf2.o)
 .ARM.attributes
                0x00000470       0x1d C:/ST/STM32CubeIDE_2.1.1/STM32CubeIDE/plugins/com.st.stm32cube.ide.mcu.externaltools.gnu-tools-for-stm32.14.3.rel1.win32_1.0.100.202602081740/tools/bin/../lib/gcc/arm-none-eabi/14.3.1/thumb/v7-m/nofp\libgcc.a(_arm_fixsfsi.o)
 .ARM.attributes
                0x0000048d       0x1d C:/ST/STM32CubeIDE_2.1.1/STM32CubeIDE/plugins/com.st.stm32cube.ide.mcu.externaltools.gnu-tools-for-stm32.14.3.rel1.win32_1.0.100.202602081740/tools/bin/../lib/gcc/arm-none-eabi/14.3.1/thumb/v7-m/nofp/crtn.o
OUTPUT(01_inverter.elf elf32-littlearm)
LOAD linker stubs
LOAD C:/ST/STM32CubeIDE_2.1.1/STM32CubeIDE/plugins/com.st.stm32cube.ide.mcu.externaltools.gnu-tools-for-stm32.14.3.rel1.win32_1.0.100.202602081740/tools/bin/../lib/gcc/arm-none-eabi/14.3.1/../../../../arm-none-eabi/lib/thumb/v7-m/nofp\libc.a
LOAD C:/ST/STM32CubeIDE_2.1.1/STM32CubeIDE/plugins/com.st.stm32cube.ide.mcu.externaltools.gnu-tools-for-stm32.14.3.rel1.win32_1.0.100.202602081740/tools/bin/../lib/gcc/arm-none-eabi/14.3.1/../../../../arm-none-eabi/lib/thumb/v7-m/nofp\libm.a
LOAD C:/ST/STM32CubeIDE_2.1.1/STM32CubeIDE/plugins/com.st.stm32cube.ide.mcu.externaltools.gnu-tools-for-stm32.14.3.rel1.win32_1.0.100.202602081740/tools/bin/../lib/gcc/arm-none-eabi/14.3.1/thumb/v7-m/nofp\libgcc.a

.debug_info     0x00000000     0x3253
 .debug_info    0x00000000      0x71d ./Src/adc.o
 .debug_info    0x0000071d      0x8a8 ./Src/cnv.o
 .debug_info    0x00000fc5      0x249 ./Src/config.o
 .debug_info    0x0000120e      0x1c1 ./Src/drv_mng.o
 .debug_info    0x000013cf      0xaac ./Src/foc.o
 .debug_info    0x00001e7b      0xbd4 ./Src/hall.o
 .debug_info    0x00002a4f      0x1fa ./Src/main.o
 .debug_info    0x00002c49      0x2f6 ./Src/pwm.o
 .debug_info    0x00002f3f      0x2e4 ./Src/task.o
 .debug_info    0x00003223       0x30 ./Startup/startup_stm32f103c8tx.o

.debug_abbrev   0x00000000      0xeba
 .debug_abbrev  0x00000000      0x279 ./Src/adc.o
 .debug_abbrev  0x00000279      0x23f ./Src/cnv.o
 .debug_abbrev  0x000004b8       0xd9 ./Src/config.o
 .debug_abbrev  0x00000591      0x125 ./Src/drv_mng.o
 .debug_abbrev  0x000006b6      0x1e5 ./Src/foc.o
 .debug_abbrev  0x0000089b      0x281 ./Src/hall.o
 .debug_abbrev  0x00000b1c       0xd6 ./Src/main.o
 .debug_abbrev  0x00000bf2      0x147 ./Src/pwm.o
 .debug_abbrev  0x00000d39      0x15d ./Src/task.o
 .debug_abbrev  0x00000e96       0x24 ./Startup/startup_stm32f103c8tx.o

.debug_loclists
                0x00000000     0x130b
 .debug_loclists
                0x00000000      0x3eb ./Src/adc.o
 .debug_loclists
                0x000003eb      0x2a1 ./Src/cnv.o
 .debug_loclists
                0x0000068c      0x5b3 ./Src/foc.o
 .debug_loclists
                0x00000c3f      0x554 ./Src/hall.o
 .debug_loclists
                0x00001193      0x178 ./Src/pwm.o

.debug_aranges  0x00000000      0x358
 .debug_aranges
                0x00000000       0x78 ./Src/adc.o
 .debug_aranges
                0x00000078       0x90 ./Src/cnv.o
 .debug_aranges
                0x00000108       0x20 ./Src/config.o
 .debug_aranges
                0x00000128       0x28 ./Src/drv_mng.o
 .debug_aranges
                0x00000150       0x58 ./Src/foc.o
 .debug_aranges
                0x000001a8       0xc8 ./Src/hall.o
 .debug_aranges
                0x00000270       0x20 ./Src/main.o
 .debug_aranges
                0x00000290       0x58 ./Src/pwm.o
 .debug_aranges
                0x000002e8       0x48 ./Src/task.o
 .debug_aranges
                0x00000330       0x28 ./Startup/startup_stm32f103c8tx.o

.debug_rnglists
                0x00000000      0x26e
 .debug_rnglists
                0x00000000       0x63 ./Src/adc.o
 .debug_rnglists
                0x00000063       0x6a ./Src/cnv.o
 .debug_rnglists
                0x000000cd       0x13 ./Src/config.o
 .debug_rnglists
                0x000000e0       0x19 ./Src/drv_mng.o
 .debug_rnglists
                0x000000f9       0x43 ./Src/foc.o
 .debug_rnglists
                0x0000013c       0x97 ./Src/hall.o
 .debug_rnglists
                0x000001d3       0x13 ./Src/main.o
 .debug_rnglists
                0x000001e6       0x3e ./Src/pwm.o
 .debug_rnglists
                0x00000224       0x31 ./Src/task.o
 .debug_rnglists
                0x00000255       0x19 ./Startup/startup_stm32f103c8tx.o

.debug_macro    0x00000000     0x2486
 .debug_macro   0x00000000      0x1dd ./Src/adc.o
 .debug_macro   0x000001dd      0xad2 ./Src/adc.o
 .debug_macro   0x00000caf       0x22 ./Src/adc.o
 .debug_macro   0x00000cd1       0x8e ./Src/adc.o
 .debug_macro   0x00000d5f       0x51 ./Src/adc.o
 .debug_macro   0x00000db0      0x103 ./Src/adc.o
 .debug_macro   0x00000eb3       0x6a ./Src/adc.o
 .debug_macro   0x00000f1d      0x1df ./Src/adc.o
 .debug_macro   0x000010fc       0xa8 ./Src/cnv.o
 .debug_macro   0x000011a4       0x10 ./Src/cnv.o
 .debug_macro   0x000011b4       0x76 ./Src/config.o
 .debug_macro   0x0000122a       0xa4 ./Src/drv_mng.o
 .debug_macro   0x000012ce       0x2e ./Src/drv_mng.o
 .debug_macro   0x000012fc       0x16 ./Src/drv_mng.o
 .debug_macro   0x00001312      0x15f ./Src/foc.o
 .debug_macro   0x00001471       0x28 ./Src/foc.o
 .debug_macro   0x00001499       0x61 ./Src/foc.o
 .debug_macro   0x000014fa       0x24 ./Src/foc.o
 .debug_macro   0x0000151e       0x43 ./Src/foc.o
 .debug_macro   0x00001561       0x34 ./Src/foc.o
 .debug_macro   0x00001595      0x190 ./Src/foc.o
 .debug_macro   0x00001725      0x364 ./Src/foc.o
 .debug_macro   0x00001a89       0x16 ./Src/foc.o
 .debug_macro   0x00001a9f       0x4a ./Src/foc.o
 .debug_macro   0x00001ae9       0x34 ./Src/foc.o
 .debug_macro   0x00001b1d       0x10 ./Src/foc.o
 .debug_macro   0x00001b2d       0x58 ./Src/foc.o
 .debug_macro   0x00001b85       0x8e ./Src/foc.o
 .debug_macro   0x00001c13       0x1c ./Src/foc.o
 .debug_macro   0x00001c2f      0x17e ./Src/foc.o
 .debug_macro   0x00001dad      0x19b ./Src/foc.o
 .debug_macro   0x00001f48       0x10 ./Src/foc.o
 .debug_macro   0x00001f58      0x145 ./Src/hall.o
 .debug_macro   0x0000209d       0x22 ./Src/hall.o
 .debug_macro   0x000020bf       0xd6 ./Src/main.o
 .debug_macro   0x00002195      0x17d ./Src/pwm.o
 .debug_macro   0x00002312       0x28 ./Src/pwm.o
 .debug_macro   0x0000233a      0x13c ./Src/task.o
 .debug_macro   0x00002476       0x10 ./Src/task.o

.debug_line     0x00000000     0x4484
 .debug_line    0x00000000      0xa03 ./Src/adc.o
 .debug_line    0x00000a03      0x8cf ./Src/cnv.o
 .debug_line    0x000012d2      0x420 ./Src/config.o
 .debug_line    0x000016f2      0x4c0 ./Src/drv_mng.o
 .debug_line    0x00001bb2      0x98a ./Src/foc.o
 .debug_line    0x0000253c      0xdf3 ./Src/hall.o
 .debug_line    0x0000332f      0x48c ./Src/main.o
 .debug_line    0x000037bb      0x669 ./Src/pwm.o
 .debug_line    0x00003e24      0x5e5 ./Src/task.o
 .debug_line    0x00004409       0x7b ./Startup/startup_stm32f103c8tx.o

.debug_str      0x00000000     0x9eb8
 .debug_str     0x00000000     0x9eb8 ./Src/adc.o
                               0x4808 (size before relaxing)
 .debug_str     0x00009eb8     0x4539 ./Src/cnv.o
 .debug_str     0x00009eb8     0x3fab ./Src/config.o
 .debug_str     0x00009eb8     0x3fbb ./Src/drv_mng.o
 .debug_str     0x00009eb8     0x80a9 ./Src/foc.o
 .debug_str     0x00009eb8     0x4955 ./Src/hall.o
 .debug_str     0x00009eb8     0x4116 ./Src/main.o
 .debug_str     0x00009eb8     0x449d ./Src/pwm.o
 .debug_str     0x00009eb8     0x43ca ./Src/task.o
 .debug_str     0x00009eb8       0x7d ./Startup/startup_stm32f103c8tx.o

.comment        0x00000000       0x43
 .comment       0x00000000       0x43 ./Src/adc.o
                                 0x44 (size before relaxing)
 .comment       0x00000043       0x44 ./Src/cnv.o
 .comment       0x00000043       0x44 ./Src/config.o
 .comment       0x00000043       0x44 ./Src/drv_mng.o
 .comment       0x00000043       0x44 ./Src/foc.o
 .comment       0x00000043       0x44 ./Src/hall.o
 .comment       0x00000043       0x44 ./Src/main.o
 .comment       0x00000043       0x44 ./Src/pwm.o
 .comment       0x00000043       0x44 ./Src/task.o

.debug_frame    0x00000000      0xba4
 .debug_frame   0x00000000      0x104 ./Src/adc.o
 .debug_frame   0x00000104      0x180 ./Src/cnv.o
 .debug_frame   0x00000284       0x20 ./Src/config.o
 .debug_frame   0x000002a4       0x48 ./Src/drv_mng.o
 .debug_frame   0x000002ec       0xfc ./Src/foc.o
 .debug_frame   0x000003e8      0x1f4 ./Src/hall.o
 .debug_frame   0x000005dc       0x28 ./Src/main.o
 .debug_frame   0x00000604       0xb0 ./Src/pwm.o
 .debug_frame   0x000006b4       0x80 ./Src/task.o
 .debug_frame   0x00000734       0x2c C:/ST/STM32CubeIDE_2.1.1/STM32CubeIDE/plugins/com.st.stm32cube.ide.mcu.externaltools.gnu-tools-for-stm32.14.3.rel1.win32_1.0.100.202602081740/tools/bin/../lib/gcc/arm-none-eabi/14.3.1/../../../../arm-none-eabi/lib/thumb/v7-m/nofp\libc_nano.a(libc_a-init.o)
 .debug_frame   0x00000760       0x38 C:/ST/STM32CubeIDE_2.1.1/STM32CubeIDE/plugins/com.st.stm32cube.ide.mcu.externaltools.gnu-tools-for-stm32.14.3.rel1.win32_1.0.100.202602081740/tools/bin/../lib/gcc/arm-none-eabi/14.3.1/../../../../arm-none-eabi/lib/thumb/v7-m/nofp\libm.a(libm_a-sf_cos.o)
 .debug_frame   0x00000798       0x38 C:/ST/STM32CubeIDE_2.1.1/STM32CubeIDE/plugins/com.st.stm32cube.ide.mcu.externaltools.gnu-tools-for-stm32.14.3.rel1.win32_1.0.100.202602081740/tools/bin/../lib/gcc/arm-none-eabi/14.3.1/../../../../arm-none-eabi/lib/thumb/v7-m/nofp\libm.a(libm_a-sf_sin.o)
 .debug_frame   0x000007d0       0x34 C:/ST/STM32CubeIDE_2.1.1/STM32CubeIDE/plugins/com.st.stm32cube.ide.mcu.externaltools.gnu-tools-for-stm32.14.3.rel1.win32_1.0.100.202602081740/tools/bin/../lib/gcc/arm-none-eabi/14.3.1/../../../../arm-none-eabi/lib/thumb/v7-m/nofp\libm.a(libm_a-kf_cos.o)
 .debug_frame   0x00000804       0x34 C:/ST/STM32CubeIDE_2.1.1/STM32CubeIDE/plugins/com.st.stm32cube.ide.mcu.externaltools.gnu-tools-for-stm32.14.3.rel1.win32_1.0.100.202602081740/tools/bin/../lib/gcc/arm-none-eabi/14.3.1/../../../../arm-none-eabi/lib/thumb/v7-m/nofp\libm.a(libm_a-kf_sin.o)
 .debug_frame   0x00000838       0x48 C:/ST/STM32CubeIDE_2.1.1/STM32CubeIDE/plugins/com.st.stm32cube.ide.mcu.externaltools.gnu-tools-for-stm32.14.3.rel1.win32_1.0.100.202602081740/tools/bin/../lib/gcc/arm-none-eabi/14.3.1/../../../../arm-none-eabi/lib/thumb/v7-m/nofp\libm.a(libm_a-ef_rem_pio2.o)
 .debug_frame   0x00000880       0x20 C:/ST/STM32CubeIDE_2.1.1/STM32CubeIDE/plugins/com.st.stm32cube.ide.mcu.externaltools.gnu-tools-for-stm32.14.3.rel1.win32_1.0.100.202602081740/tools/bin/../lib/gcc/arm-none-eabi/14.3.1/../../../../arm-none-eabi/lib/thumb/v7-m/nofp\libm.a(libm_a-sf_fabs.o)
 .debug_frame   0x000008a0       0x50 C:/ST/STM32CubeIDE_2.1.1/STM32CubeIDE/plugins/com.st.stm32cube.ide.mcu.externaltools.gnu-tools-for-stm32.14.3.rel1.win32_1.0.100.202602081740/tools/bin/../lib/gcc/arm-none-eabi/14.3.1/../../../../arm-none-eabi/lib/thumb/v7-m/nofp\libm.a(libm_a-kf_rem_pio2.o)
 .debug_frame   0x000008f0       0x28 C:/ST/STM32CubeIDE_2.1.1/STM32CubeIDE/plugins/com.st.stm32cube.ide.mcu.externaltools.gnu-tools-for-stm32.14.3.rel1.win32_1.0.100.202602081740/tools/bin/../lib/gcc/arm-none-eabi/14.3.1/../../../../arm-none-eabi/lib/thumb/v7-m/nofp\libm.a(libm_a-sf_scalbn.o)
 .debug_frame   0x00000918       0x30 C:/ST/STM32CubeIDE_2.1.1/STM32CubeIDE/plugins/com.st.stm32cube.ide.mcu.externaltools.gnu-tools-for-stm32.14.3.rel1.win32_1.0.100.202602081740/tools/bin/../lib/gcc/arm-none-eabi/14.3.1/../../../../arm-none-eabi/lib/thumb/v7-m/nofp\libm.a(libm_a-sf_floor.o)
 .debug_frame   0x00000948       0x30 C:/ST/STM32CubeIDE_2.1.1/STM32CubeIDE/plugins/com.st.stm32cube.ide.mcu.externaltools.gnu-tools-for-stm32.14.3.rel1.win32_1.0.100.202602081740/tools/bin/../lib/gcc/arm-none-eabi/14.3.1/thumb/v7-m/nofp\libgcc.a(_arm_muldf3.o)
 .debug_frame   0x00000978       0x24 C:/ST/STM32CubeIDE_2.1.1/STM32CubeIDE/plugins/com.st.stm32cube.ide.mcu.externaltools.gnu-tools-for-stm32.14.3.rel1.win32_1.0.100.202602081740/tools/bin/../lib/gcc/arm-none-eabi/14.3.1/thumb/v7-m/nofp\libgcc.a(_arm_mulsf3.o)
 .debug_frame   0x0000099c       0xac C:/ST/STM32CubeIDE_2.1.1/STM32CubeIDE/plugins/com.st.stm32cube.ide.mcu.externaltools.gnu-tools-for-stm32.14.3.rel1.win32_1.0.100.202602081740/tools/bin/../lib/gcc/arm-none-eabi/14.3.1/thumb/v7-m/nofp\libgcc.a(_arm_addsubdf3.o)
 .debug_frame   0x00000a48       0x24 C:/ST/STM32CubeIDE_2.1.1/STM32CubeIDE/plugins/com.st.stm32cube.ide.mcu.externaltools.gnu-tools-for-stm32.14.3.rel1.win32_1.0.100.202602081740/tools/bin/../lib/gcc/arm-none-eabi/14.3.1/thumb/v7-m/nofp\libgcc.a(_arm_fixunsdfsi.o)
 .debug_frame   0x00000a6c       0x4c C:/ST/STM32CubeIDE_2.1.1/STM32CubeIDE/plugins/com.st.stm32cube.ide.mcu.externaltools.gnu-tools-for-stm32.14.3.rel1.win32_1.0.100.202602081740/tools/bin/../lib/gcc/arm-none-eabi/14.3.1/thumb/v7-m/nofp\libgcc.a(_arm_addsubsf3.o)
 .debug_frame   0x00000ab8       0xc8 C:/ST/STM32CubeIDE_2.1.1/STM32CubeIDE/plugins/com.st.stm32cube.ide.mcu.externaltools.gnu-tools-for-stm32.14.3.rel1.win32_1.0.100.202602081740/tools/bin/../lib/gcc/arm-none-eabi/14.3.1/thumb/v7-m/nofp\libgcc.a(_arm_cmpsf2.o)
 .debug_frame   0x00000b80       0x24 C:/ST/STM32CubeIDE_2.1.1/STM32CubeIDE/plugins/com.st.stm32cube.ide.mcu.externaltools.gnu-tools-for-stm32.14.3.rel1.win32_1.0.100.202602081740/tools/bin/../lib/gcc/arm-none-eabi/14.3.1/thumb/v7-m/nofp\libgcc.a(_arm_fixsfsi.o)

.debug_line_str
                0x00000000       0x61
 .debug_line_str
                0x00000000       0x61 ./Startup/startup_stm32f103c8tx.o
