../Src/adc.c:79:11:adc_base_from_group	0	static
../Src/adc.c:89:13:adc_set_channel_sample_time	0	static
../Src/adc.c:112:13:adc_config_gpio_analog_from_channel	0	static
../Src/adc.c:133:13:adc_calibrate	0	static
../Src/adc.c:154:13:adc_config_sequence	4	static
../Src/adc.c:171:13:adc_copy_latest_frame	0	static
../Src/adc.c:181:21:adc_read_single_channel	0	static
../Src/adc.c:208:6:ADC_Init	24	static
../Src/adc.c:264:14:ADC_TriggerFromPwmCycle	24	static
../Src/adc.c:307:14:ADC_ReadAll12bit	0	static
../Src/adc.c:335:14:ADC_GetValue	0	static
../Src/adc.c:362:6:ADC1_2_IRQHandler	8	static
