../Src/cnv.c:148:21:cnv_adc_raw_to_mv	0	static
../Src/cnv.c:163:21:ens_cnv_voltage_to_current_ca	0	static
../Src/cnv.c:189:21:ens_cnv_curr_offset	4	static
../Src/cnv.c:438:21:ens_cnv_update_adc_values	16	static
../Src/cnv.c:239:14:ens_cnv_curr	24	static
../Src/cnv.c:366:21:ens_cnv_bemf_mv_to_dv	16	static
../Src/cnv.c:264:21:ens_cnv_bemf	8	static
../Src/cnv.c:395:21:ens_cnv_throttle_adc_to_perc	24	static
../Src/cnv.c:79:21:eng_cnv_init	0	static
../Src/cnv.c:110:21:eng_cnv_100us	8	static
../Src/cnv.c:131:21:eng_cnv_1ms	8	static
../Src/cnv.c:289:21:eng_cnv_get_phase_currents	0	static
../Src/cnv.c:305:21:eng_cnv_get_throttle_perc	0	static
../Src/cnv.c:321:21:eng_cnv_get_bemf_mv	0	static
../Src/cnv.c:344:21:eng_cnv_get_bemf_dv	0	static
