../Src/cnv.c:152:21:cnv_adc_raw_to_mv	0	static
../Src/cnv.c:167:21:ens_cnv_voltage_to_current_ca	0	static
../Src/cnv.c:193:21:ens_cnv_curr_offset	4	static
../Src/cnv.c:440:21:ens_cnv_update_adc_values	16	static
../Src/cnv.c:243:14:ens_cnv_curr	24	static
../Src/cnv.c:368:21:ens_cnv_bemf_mv_to_dv	16	static
../Src/cnv.c:266:21:ens_cnv_bemf	8	static
../Src/cnv.c:397:21:ens_cnv_throttle_adc_to_perc	24	static
../Src/cnv.c:79:21:eng_cnv_init	8	static
../Src/cnv.c:115:21:eng_cnv_100us	8	static
../Src/cnv.c:135:21:eng_cnv_1ms	8	static
../Src/cnv.c:291:21:eng_cnv_get_phase_currents	0	static
../Src/cnv.c:307:21:eng_cnv_get_throttle_perc	0	static
../Src/cnv.c:323:21:eng_cnv_get_bemf_mv	0	static
../Src/cnv.c:346:21:eng_cnv_get_bemf_dv	0	static
