../Src/hall.c:91:17:hall_norm_angle	16	static
../Src/hall.c:100:16:hall_angle_to_sector	16	static
../Src/hall.c:105:17:hall_sector_to_angle	16	static
../Src/hall.c:110:16:hall_est_is_timeout	16	static
../Src/hall.c:125:13:hall_est_force_reset	24	static
../Src/hall.c:142:13:hall_est_reset_history	16	static
../Src/hall.c:158:13:hall_est_add_sector_sample	16	static
../Src/hall.c:200:13:hall_timebase_init	4	static
../Src/hall.c:207:16:hall_read_pin	16	static
../Src/hall.c:212:13:hall_refresh_all_levels	8	static
../Src/hall.c:226:13:hall_est_reset_on_interrupt	24	static
../Src/hall.c:299:13:hall_handle_exti_line	32	static
../Src/hall.c:324:6:Hall_Init	16	static
../Src/hall.c:367:9:Hall_GetLevel	16	static
../Src/hall.c:376:9:Hall_GetPattern	4	static
../Src/hall.c:381:10:Hall_GetEdgeCount	16	static
../Src/hall.c:390:14:eng_hall_ang_est	40	static
../Src/hall.c:520:9:Hall_GetElectricalRpm	16	static
../Src/hall.c:550:9:Hall_GetMechanicalRpm	16	static
../Src/hall.c:568:6:Hall_OnEdge	16	static
../Src/hall.c:574:6:EXTI1_IRQHandler	8	static
../Src/hall.c:579:6:EXTI2_IRQHandler	8	static
../Src/hall.c:584:6:EXTI3_IRQHandler	8	static
